../Core/Src/main.c:218:5:main	8	static
../Core/Src/main.c:289:6:ReviseID	24	static
../Core/Src/main.c:329:6:MX_FREERTOS_Init	16	static
../Core/Src/main.c:375:13:prvModifyTimerCallback	16	static
../Core/Src/main.c:378:13:prvOneShotTimerCallback	16	static
../Core/Src/main.c:381:13:prvAutoReloadTimerCallback	16	static
../Core/Src/main.c:391:6:ModeactTask	48	static
../Core/Src/main.c:497:6:ModefiveTask	48	static
../Core/Src/main.c:629:6:ModeTask	40	static
../Core/Src/main.c:660:6:WriteNumTask	48	static
../Core/Src/main.c:769:6:SwitchTask	24	static
../Core/Src/main.c:797:6:SystemClock_Config	88	static
../Core/Src/main.c:844:13:MX_ETH_Init	8	static
../Core/Src/main.c:892:13:MX_USART3_UART_Init	8	static
../Core/Src/main.c:925:13:MX_USB_OTG_FS_PCD_Init	8	static
../Core/Src/main.c:958:13:MX_GPIO_Init	56	static
../Core/Src/main.c:1040:6:HAL_GPIO_EXTI_Callback	24	static
../Core/Src/main.c:1082:6:HAL_TIM_PeriodElapsedCallback	16	static
../Core/Src/main.c:1098:6:Error_Handler	4	static,ignoring_inline_asm
