Archive member included to satisfy reference by file (symbol)

C:/ST/STM32CubeIDE_1.16.0/STM32CubeIDE/plugins/com.st.stm32cube.ide.mcu.externaltools.gnu-tools-for-stm32.12.3.rel1.win32_1.0.200.202406191623/tools/bin/../lib/gcc/arm-none-eabi/12.3.1/../../../../arm-none-eabi/lib/thumb/v7e-m+fp/hard\libc_nano.a(libc_a-exit.o)
                              C:/ST/STM32CubeIDE_1.16.0/STM32CubeIDE/plugins/com.st.stm32cube.ide.mcu.externaltools.gnu-tools-for-stm32.12.3.rel1.win32_1.0.200.202406191623/tools/bin/../lib/gcc/arm-none-eabi/12.3.1/../../../../arm-none-eabi/lib/thumb/v7e-m+fp/hard/crt0.o (exit)
C:/ST/STM32CubeIDE_1.16.0/STM32CubeIDE/plugins/com.st.stm32cube.ide.mcu.externaltools.gnu-tools-for-stm32.12.3.rel1.win32_1.0.200.202406191623/tools/bin/../lib/gcc/arm-none-eabi/12.3.1/../../../../arm-none-eabi/lib/thumb/v7e-m+fp/hard\libc_nano.a(libc_a-findfp.o)
                              ./Middlewares/Third_Party/FreeRTOS/Source/tasks.o (__sf)
C:/ST/STM32CubeIDE_1.16.0/STM32CubeIDE/plugins/com.st.stm32cube.ide.mcu.externaltools.gnu-tools-for-stm32.12.3.rel1.win32_1.0.200.202406191623/tools/bin/../lib/gcc/arm-none-eabi/12.3.1/../../../../arm-none-eabi/lib/thumb/v7e-m+fp/hard\libc_nano.a(libc_a-fwalk.o)
                              C:/ST/STM32CubeIDE_1.16.0/STM32CubeIDE/plugins/com.st.stm32cube.ide.mcu.externaltools.gnu-tools-for-stm32.12.3.rel1.win32_1.0.200.202406191623/tools/bin/../lib/gcc/arm-none-eabi/12.3.1/../../../../arm-none-eabi/lib/thumb/v7e-m+fp/hard\libc_nano.a(libc_a-findfp.o) (_fwalk_sglue)
C:/ST/STM32CubeIDE_1.16.0/STM32CubeIDE/plugins/com.st.stm32cube.ide.mcu.externaltools.gnu-tools-for-stm32.12.3.rel1.win32_1.0.200.202406191623/tools/bin/../lib/gcc/arm-none-eabi/12.3.1/../../../../arm-none-eabi/lib/thumb/v7e-m+fp/hard\libc_nano.a(libc_a-stdio.o)
                              C:/ST/STM32CubeIDE_1.16.0/STM32CubeIDE/plugins/com.st.stm32cube.ide.mcu.externaltools.gnu-tools-for-stm32.12.3.rel1.win32_1.0.200.202406191623/tools/bin/../lib/gcc/arm-none-eabi/12.3.1/../../../../arm-none-eabi/lib/thumb/v7e-m+fp/hard\libc_nano.a(libc_a-findfp.o) (__sread)
C:/ST/STM32CubeIDE_1.16.0/STM32CubeIDE/plugins/com.st.stm32cube.ide.mcu.externaltools.gnu-tools-for-stm32.12.3.rel1.win32_1.0.200.202406191623/tools/bin/../lib/gcc/arm-none-eabi/12.3.1/../../../../arm-none-eabi/lib/thumb/v7e-m+fp/hard\libc_nano.a(libc_a-memset.o)
                              C:/ST/STM32CubeIDE_1.16.0/STM32CubeIDE/plugins/com.st.stm32cube.ide.mcu.externaltools.gnu-tools-for-stm32.12.3.rel1.win32_1.0.200.202406191623/tools/bin/../lib/gcc/arm-none-eabi/12.3.1/../../../../arm-none-eabi/lib/thumb/v7e-m+fp/hard/crt0.o (memset)
C:/ST/STM32CubeIDE_1.16.0/STM32CubeIDE/plugins/com.st.stm32cube.ide.mcu.externaltools.gnu-tools-for-stm32.12.3.rel1.win32_1.0.200.202406191623/tools/bin/../lib/gcc/arm-none-eabi/12.3.1/../../../../arm-none-eabi/lib/thumb/v7e-m+fp/hard\libc_nano.a(libc_a-closer.o)
                              C:/ST/STM32CubeIDE_1.16.0/STM32CubeIDE/plugins/com.st.stm32cube.ide.mcu.externaltools.gnu-tools-for-stm32.12.3.rel1.win32_1.0.200.202406191623/tools/bin/../lib/gcc/arm-none-eabi/12.3.1/../../../../arm-none-eabi/lib/thumb/v7e-m+fp/hard\libc_nano.a(libc_a-stdio.o) (_close_r)
C:/ST/STM32CubeIDE_1.16.0/STM32CubeIDE/plugins/com.st.stm32cube.ide.mcu.externaltools.gnu-tools-for-stm32.12.3.rel1.win32_1.0.200.202406191623/tools/bin/../lib/gcc/arm-none-eabi/12.3.1/../../../../arm-none-eabi/lib/thumb/v7e-m+fp/hard\libc_nano.a(libc_a-reent.o)
                              ./Middlewares/Third_Party/FreeRTOS/Source/tasks.o (_reclaim_reent)
C:/ST/STM32CubeIDE_1.16.0/STM32CubeIDE/plugins/com.st.stm32cube.ide.mcu.externaltools.gnu-tools-for-stm32.12.3.rel1.win32_1.0.200.202406191623/tools/bin/../lib/gcc/arm-none-eabi/12.3.1/../../../../arm-none-eabi/lib/thumb/v7e-m+fp/hard\libc_nano.a(libc_a-impure.o)
                              ./Middlewares/Third_Party/FreeRTOS/Source/tasks.o (_impure_ptr)
C:/ST/STM32CubeIDE_1.16.0/STM32CubeIDE/plugins/com.st.stm32cube.ide.mcu.externaltools.gnu-tools-for-stm32.12.3.rel1.win32_1.0.200.202406191623/tools/bin/../lib/gcc/arm-none-eabi/12.3.1/../../../../arm-none-eabi/lib/thumb/v7e-m+fp/hard\libc_nano.a(libc_a-lseekr.o)
                              C:/ST/STM32CubeIDE_1.16.0/STM32CubeIDE/plugins/com.st.stm32cube.ide.mcu.externaltools.gnu-tools-for-stm32.12.3.rel1.win32_1.0.200.202406191623/tools/bin/../lib/gcc/arm-none-eabi/12.3.1/../../../../arm-none-eabi/lib/thumb/v7e-m+fp/hard\libc_nano.a(libc_a-stdio.o) (_lseek_r)
C:/ST/STM32CubeIDE_1.16.0/STM32CubeIDE/plugins/com.st.stm32cube.ide.mcu.externaltools.gnu-tools-for-stm32.12.3.rel1.win32_1.0.200.202406191623/tools/bin/../lib/gcc/arm-none-eabi/12.3.1/../../../../arm-none-eabi/lib/thumb/v7e-m+fp/hard\libc_nano.a(libc_a-readr.o)
[...]
Memory Configuration

Name             Origin             Length             Attributes
RAM              0x20000000         0x00050000         xrw
FLASH            0x08000000         0x00100000         xr
*default*        0x00000000         0xffffffff

Linker script and memory map

LOAD C:/ST/STM32CubeIDE_1.16.0/STM32CubeIDE/plugins/com.st.stm32cube.ide.mcu.externaltools.gnu-tools-for-stm32.12.3.rel1.win32_1.0.200.202406191623/tools/bin/../lib/gcc/arm-none-eabi/12.3.1/thumb/v7e-m+fp/hard/crti.o
LOAD C:/ST/STM32CubeIDE_1.16.0/STM32CubeIDE/plugins/com.st.stm32cube.ide.mcu.externaltools.gnu-tools-for-stm32.12.3.rel1.win32_1.0.200.202406191623/tools/bin/../lib/gcc/arm-none-eabi/12.3.1/thumb/v7e-m+fp/hard/crtbegin.o
LOAD C:/ST/STM32CubeIDE_1.16.0/STM32CubeIDE/plugins/com.st.stm32cube.ide.mcu.externaltools.gnu-tools-for-stm32.12.3.rel1.win32_1.0.200.202406191623/tools/bin/../lib/gcc/arm-none-eabi/12.3.1/../../../../arm-none-eabi/lib/thumb/v7e-m+fp/hard/crt0.o
LOAD ./Core/Src/freertos.o
LOAD ./Core/Src/main.o
LOAD ./Core/Src/stm32f7xx_hal_msp.o
LOAD ./Core/Src/stm32f7xx_hal_timebase_tim.o
LOAD ./Core/Src/stm32f7xx_it.o
LOAD ./Core/Src/syscalls.o
LOAD ./Core/Src/sysmem.o
LOAD ./Core/Src/system_stm32f7xx.o
LOAD ./Core/Startup/startup_stm32f746zgtx.o
LOAD ./Drivers/STM32F7xx_HAL_Driver/Src/stm32f7xx_hal.o
LOAD ./Drivers/STM32F7xx_HAL_Driver/Src/stm32f7xx_hal_cortex.o
LOAD ./Drivers/STM32F7xx_HAL_Driver/Src/stm32f7xx_hal_dma.o
LOAD ./Drivers/STM32F7xx_HAL_Driver/Src/stm32f7xx_hal_dma_ex.o
LOAD ./Drivers/STM32F7xx_HAL_Driver/Src/stm32f7xx_hal_eth.o
LOAD ./Drivers/STM32F7xx_HAL_Driver/Src/stm32f7xx_hal_exti.o
LOAD ./Drivers/STM32F7xx_HAL_Driver/Src/stm32f7xx_hal_flash.o
LOAD ./Drivers/STM32F7xx_HAL_Driver/Src/stm32f7xx_hal_flash_ex.o
LOAD ./Drivers/STM32F7xx_HAL_Driver/Src/stm32f7xx_hal_gpio.o
LOAD ./Drivers/STM32F7xx_HAL_Driver/Src/stm32f7xx_hal_i2c.o
LOAD ./Drivers/STM32F7xx_HAL_Driver/Src/stm32f7xx_hal_i2c_ex.o
LOAD ./Drivers/STM32F7xx_HAL_Driver/Src/stm32f7xx_hal_pcd.o
LOAD ./Drivers/STM32F7xx_HAL_Driver/Src/stm32f7xx_hal_pcd_ex.o
LOAD ./Drivers/STM32F7xx_HAL_Driver/Src/stm32f7xx_hal_pwr.o
LOAD ./Drivers/STM32F7xx_HAL_Driver/Src/stm32f7xx_hal_pwr_ex.o
LOAD ./Drivers/STM32F7xx_HAL_Driver/Src/stm32f7xx_hal_rcc.o
LOAD ./Drivers/STM32F7xx_HAL_Driver/Src/stm32f7xx_hal_rcc_ex.o
LOAD ./Drivers/STM32F7xx_HAL_Driver/Src/stm32f7xx_hal_tim.o
LOAD ./Drivers/STM32F7xx_HAL_Driver/Src/stm32f7xx_hal_tim_ex.o
LOAD ./Drivers/STM32F7xx_HAL_Driver/Src/stm32f7xx_hal_uart.o
LOAD ./Drivers/STM32F7xx_HAL_Driver/Src/stm32f7xx_hal_uart_ex.o
LOAD ./Drivers/STM32F7xx_HAL_Driver/Src/stm32f7xx_ll_usb.o
LOAD ./Middlewares/Third_Party/FreeRTOS/Source/CMSIS_RTOS_V2/cmsis_os2.o
LOAD ./Middlewares/Third_Party/FreeRTOS/Source/croutine.o
LOAD ./Middlewares/Third_Party/FreeRTOS/Source/event_groups.o
LOAD ./Middlewares/Third_Party/FreeRTOS/Source/list.o
LOAD ./Middlewares/Third_Party/FreeRTOS/Source/queue.o
LOAD ./Middlewares/Third_Party/FreeRTOS/Source/stream_buffer.o
LOAD ./Middlewares/Third_Party/FreeRTOS/Source/tasks.o
LOAD ./Middlewares/Third_Party/FreeRTOS/Source/timers.o
LOAD ./Middlewares/Third_Party/FreeRTOS/Source/portable/GCC/ARM_CM7/r0p1/port.o
LOAD ./Middlewares/Third_Party/FreeRTOS/Source/portable/MemMang/heap_4.o
START GROUP
LOAD C:/ST/STM32CubeIDE_1.16.0/STM32CubeIDE/plugins/com.st.stm32cube.ide.mcu.externaltools.gnu-tools-for-stm32.12.3.rel1.win32_1.0.200.202406191623/tools/bin/../lib/gcc/arm-none-eabi/12.3.1/../../../../arm-none-eabi/lib/thumb/v7e-m+fp/hard\libc_nano.a
LOAD C:/ST/STM32CubeIDE_1.16.0/STM32CubeIDE/plugins/com.st.stm32cube.ide.mcu.externaltools.gnu-tools-for-stm32.12.3.rel1.win32_1.0.200.202406191623/tools/bin/../lib/gcc/arm-none-eabi/12.3.1/../../../../arm-none-eabi/lib/thumb/v7e-m+fp/hard\libm.a
END GROUP
START GROUP
LOAD C:/ST/STM32CubeIDE_1.16.0/STM32CubeIDE/plugins/com.st.stm32cube.ide.mcu.externaltools.gnu-tools-for-stm32.12.3.rel1.win32_1.0.200.202406191623/tools/bin/../lib/gcc/arm-none-eabi/12.3.1/thumb/v7e-m+fp/hard\libgcc.a
LOAD C:/ST/STM32CubeIDE_1.16.0/STM32CubeIDE/plugins/com.st.stm32cube.ide.mcu.externaltools.gnu-tools-for-stm32.12.3.rel1.win32_1.0.200.202406191623/tools/bin/../lib/gcc/arm-none-eabi/12.3.1/../../../../arm-none-eabi/lib/thumb/v7e-m+fp/hard\libc_nano.a
END GROUP
START GROUP
LOAD C:/ST/STM32CubeIDE_1.16.0/STM32CubeIDE/plugins/com.st.stm32cube.ide.mcu.externaltools.gnu-tools-for-stm32.12.3.rel1.win32_1.0.200.202406191623/tools/bin/../lib/gcc/arm-none-eabi/12.3.1/thumb/v7e-m+fp/hard\libgcc.a
LOAD C:/ST/STM32CubeIDE_1.16.0/STM32CubeIDE/plugins/com.st.stm32cube.ide.mcu.externaltools.gnu-tools-for-stm32.12.3.rel1.win32_1.0.200.202406191623/tools/bin/../lib/gcc/arm-none-eabi/12.3.1/../../../../arm-none-eabi/lib/thumb/v7e-m+fp/hard\libc_nano.a
LOAD C:/ST/STM32CubeIDE_1.16.0/STM32CubeIDE/plugins/com.st.stm32cube.ide.mcu.externaltools.gnu-tools-for-stm32.12.3.rel1.win32_1.0.200.202406191623/tools/bin/../lib/gcc/arm-none-eabi/12.3.1/../../../../arm-none-eabi/lib/thumb/v7e-m+fp/hard\libnosys.a
END GROUP
START GROUP
LOAD C:/ST/STM32CubeIDE_1.16.0/STM32CubeIDE/plugins/com.st.stm32cube.ide.mcu.externaltools.gnu-tools-for-stm32.12.3.rel1.win32_1.0.200.202406191623/tools/bin/../lib/gcc/arm-none-eabi/12.3.1/thumb/v7e-m+fp/hard\libgcc.a
LOAD C:/ST/STM32CubeIDE_1.16.0/STM32CubeIDE/plugins/com.st.stm32cube.ide.mcu.externaltools.gnu-tools-for-stm32.12.3.rel1.win32_1.0.200.202406191623/tools/bin/../lib/gcc/arm-none-eabi/12.3.1/../../../../arm-none-eabi/lib/thumb/v7e-m+fp/hard\libc_nano.a
LOAD C:/ST/STM32CubeIDE_1.16.0/STM32CubeIDE/plugins/com.st.stm32cube.ide.mcu.externaltools.gnu-tools-for-stm32.12.3.rel1.win32_1.0.200.202406191623/tools/bin/../lib/gcc/arm-none-eabi/12.3.1/../../../../arm-none-eabi/lib/thumb/v7e-m+fp/hard\libnosys.a
END GROUP
LOAD C:/ST/STM32CubeIDE_1.16.0/STM32CubeIDE/plugins/com.st.stm32cube.ide.mcu.externaltools.gnu-tools-for-stm32.12.3.rel1.win32_1.0.200.202406191623/tools/bin/../lib/gcc/arm-none-eabi/12.3.1/thumb/v7e-m+fp/hard/crtend.o
LOAD C:/ST/STM32CubeIDE_1.16.0/STM32CubeIDE/plugins/com.st.stm32cube.ide.mcu.externaltools.gnu-tools-for-stm32.12.3.rel1.win32_1.0.200.202406191623/tools/bin/../lib/gcc/arm-none-eabi/12.3.1/thumb/v7e-m+fp/hard/crtn.o
                0x20050000                        _estack = (ORIGIN (RAM) + LENGTH (RAM))
                0x00000200                        _Min_Heap_Size = 0x200
                0x00000400                        _Min_Stack_Size = 0x400

.isr_vector     0x08000000      0x1c8
                0x08000000                        . = ALIGN (0x4)
 *(.isr_vector)
 .isr_vector    0x08000000      0x1c8 ./Core/Startup/startup_stm32f746zgtx.o
                0x08000000                g_pfnVectors
                0x080001c8                        . = ALIGN (0x4)

.text           0x080001d0     0x81f4
                0x080001d0                        . = ALIGN (0x4)
 *(.text)
 .text          0x080001d0       0x40 C:/ST/STM32CubeIDE_1.16.0/STM32CubeIDE/plugins/com.st.stm32cube.ide.mcu.externaltools.gnu-tools-for-stm32.12.3.rel1.win32_1.0.200.202406191623/tools/bin/../lib/gcc/arm-none-eabi/12.3.1/thumb/v7e-m+fp/hard/crtbegin.o
 .text          0x08000210       0x30 C:/ST/STM32CubeIDE_1.16.0/STM32CubeIDE/plugins/com.st.stm32cube.ide.mcu.externaltools.gnu-tools-for-stm32.12.3.rel1.win32_1.0.200.202406191623/tools/bin/../lib/gcc/arm-none-eabi/12.3.1/thumb/v7e-m+fp/hard\libgcc.a(_aeabi_uldivmod.o)
                0x08000210                __aeabi_uldivmod
 .text          0x08000240      0x2bc C:/ST/STM32CubeIDE_1.16.0/STM32CubeIDE/plugins/com.st.stm32cube.ide.mcu.externaltools.gnu-tools-for-stm32.12.3.rel1.win32_1.0.200.202406191623/tools/bin/../lib/gcc/arm-none-eabi/12.3.1/thumb/v7e-m+fp/hard\libgcc.a(_udivmoddi4.o)
                0x08000240                __udivmoddi4
 .text          0x080004fc        0x4 C:/ST/STM32CubeIDE_1.16.0/STM32CubeIDE/plugins/com.st.stm32cube.ide.mcu.externaltools.gnu-tools-for-stm32.12.3.rel1.win32_1.0.200.202406191623/tools/bin/../lib/gcc/arm-none-eabi/12.3.1/thumb/v7e-m+fp/hard\libgcc.a(_dvmd_tls.o)
                0x080004fc                __aeabi_idiv0
                0x080004fc                __aeabi_ldiv0
 *(.text*)
 .text.main     0x08000500       0x28 ./Core/Src/main.o
                0x08000500                main
 .text.ReviseID
                0x08000528      0x108 ./Core/Src/main.o
                0x08000528                ReviseID
 .text.MX_FREERTOS_Init
                0x08000630      0x1d8 ./Core/Src/main.o
                0x08000630                MX_FREERTOS_Init
 .text.prvModifyTimerCallback
                0x08000808       0x20 ./Core/Src/main.o
 .text.prvOneShotTimerCallback
                0x08000828       0x20 ./Core/Src/main.o
 .text.prvAutoReloadTimerCallback
                0x08000848       0x4c ./Core/Src/main.o
 .text.ModeactTask
                0x08000894      0x228 ./Core/Src/main.o
                0x08000894                ModeactTask
 .text.ModefiveTask
                0x08000abc      0x2b4 ./Core/Src/main.o
                0x08000abc                ModefiveTask
 .text.ModeTask
                0x08000d70      0x104 ./Core/Src/main.o
                0x08000d70                ModeTask
 .text.WriteNumTask
                0x08000e74      0x240 ./Core/Src/main.o
                0x08000e74                WriteNumTask
 .text.SwitchTask
                0x080010b4       0xb4 ./Core/Src/main.o
                0x080010b4                SwitchTask
 .text.SystemClock_Config
                0x08001168       0xd0 ./Core/Src/main.o
                0x08001168                SystemClock_Config
 .text.MX_ETH_Init
                0x08001238       0x9c ./Core/Src/main.o
 .text.MX_USART3_UART_Init
                0x080012d4       0x60 ./Core/Src/main.o
 .text.MX_USB_OTG_FS_PCD_Init
                0x08001334       0x5c ./Core/Src/main.o
 .text.MX_GPIO_Init
                0x08001390      0x1c4 ./Core/Src/main.o
 .text.HAL_GPIO_EXTI_Callback
                0x08001554       0xb8 ./Core/Src/main.o
                0x08001554                HAL_GPIO_EXTI_Callback
 .text.HAL_TIM_PeriodElapsedCallback
                0x0800160c       0x24 ./Core/Src/main.o
                0x0800160c                HAL_TIM_PeriodElapsedCallback
 .text.Error_Handler
                0x08001630        0xc ./Core/Src/main.o
                0x08001630                Error_Handler
 .text.HAL_MspInit
                0x0800163c       0x50 ./Core/Src/stm32f7xx_hal_msp.o
                0x0800163c                HAL_MspInit
 .text.HAL_ETH_MspInit
                0x0800168c      0x170 ./Core/Src/stm32f7xx_hal_msp.o
                0x0800168c                HAL_ETH_MspInit
 .text.HAL_UART_MspInit
                0x080017fc       0xc0 ./Core/Src/stm32f7xx_hal_msp.o
                0x080017fc                HAL_UART_MspInit
 .text.HAL_PCD_MspInit
                0x080018bc       0xf4 ./Core/Src/stm32f7xx_hal_msp.o
                0x080018bc                HAL_PCD_MspInit
 .text.HAL_InitTick
                0x080019b0       0xf4 ./Core/Src/stm32f7xx_hal_timebase_tim.o
                0x080019b0                HAL_InitTick
 .text.NMI_Handler
                0x08001aa4        0x8 ./Core/Src/stm32f7xx_it.o
                0x08001aa4                NMI_Handler
 .text.HardFault_Handler
                0x08001aac        0x8 ./Core/Src/stm32f7xx_it.o
                0x08001aac                HardFault_Handler
 .text.MemManage_Handler
                0x08001ab4        0x8 ./Core/Src/stm32f7xx_it.o
                0x08001ab4                MemManage_Handler
 .text.BusFault_Handler
                0x08001abc        0x8 ./Core/Src/stm32f7xx_it.o
                0x08001abc                BusFault_Handler
 .text.UsageFault_Handler
                0x08001ac4        0x8 ./Core/Src/stm32f7xx_it.o
                0x08001ac4                UsageFault_Handler
 .text.DebugMon_Handler
                0x08001acc        0xe ./Core/Src/stm32f7xx_it.o
                0x08001acc                DebugMon_Handler
 *fill*         0x08001ada        0x2 
 .text.TIM4_IRQHandler
                0x08001adc       0x14 ./Core/Src/stm32f7xx_it.o
                0x08001adc                TIM4_IRQHandler
 .text.EXTI15_10_IRQHandler
                0x08001af0       0x10 ./Core/Src/stm32f7xx_it.o
                0x08001af0                EXTI15_10_IRQHandler
 .text.SystemInit
                0x08001b00       0x24 ./Core/Src/system_stm32f7xx.o
                0x08001b00                SystemInit
 .text.Reset_Handler
                0x08001b24       0x50 ./Core/Startup/startup_stm32f746zgtx.o
                0x08001b24                Reset_Handler
 .text.Default_Handler
                0x08001b74        0x2 ./Core/Startup/startup_stm32f746zgtx.o
                0x08001b74                RTC_Alarm_IRQHandler
                0x08001b74                EXTI2_IRQHandler
                0x08001b74                TIM8_CC_IRQHandler
                0x08001b74                UART8_IRQHandler
                0x08001b74                SPI4_IRQHandler
                0x08001b74                TIM1_CC_IRQHandler
                0x08001b74                DMA2_Stream5_IRQHandler
                0x08001b74                DMA1_Stream5_IRQHandler
                0x08001b74                PVD_IRQHandler
                0x08001b74                TAMP_STAMP_IRQHandler
                0x08001b74                CAN2_RX1_IRQHandler
                0x08001b74                EXTI3_IRQHandler
                0x08001b74                TIM8_TRG_COM_TIM14_IRQHandler
                0x08001b74                TIM1_UP_TIM10_IRQHandler
                0x08001b74                TIM8_UP_TIM13_IRQHandler
                0x08001b74                I2C3_ER_IRQHandler
                0x08001b74                EXTI0_IRQHandler
                0x08001b74                I2C2_EV_IRQHandler
                0x08001b74                DMA1_Stream2_IRQHandler
                0x08001b74                CAN1_RX0_IRQHandler
                0x08001b74                FPU_IRQHandler
                0x08001b74                OTG_HS_WKUP_IRQHandler
                0x08001b74                LTDC_ER_IRQHandler
                0x08001b74                CAN2_SCE_IRQHandler
                0x08001b74                DMA2_Stream2_IRQHandler
                0x08001b74                SPI1_IRQHandler
                0x08001b74                TIM6_DAC_IRQHandler
                0x08001b74                TIM1_BRK_TIM9_IRQHandler
                0x08001b74                DCMI_IRQHandler
                0x08001b74                CAN2_RX0_IRQHandler
                0x08001b74                DMA2_Stream3_IRQHandler
                0x08001b74                SAI2_IRQHandler
                0x08001b74                USART6_IRQHandler
                0x08001b74                USART3_IRQHandler
                0x08001b74                CAN1_RX1_IRQHandler
                0x08001b74                UART5_IRQHandler
                0x08001b74                DMA2_Stream0_IRQHandler
                0x08001b74                QUADSPI_IRQHandler
                0x08001b74                I2C1_EV_IRQHandler
                0x08001b74                DMA1_Stream6_IRQHandler
                0x08001b74                DMA1_Stream1_IRQHandler
                0x08001b74                UART4_IRQHandler
                0x08001b74                TIM3_IRQHandler
                0x08001b74                RCC_IRQHandler
                0x08001b74                TIM8_BRK_TIM12_IRQHandler
                0x08001b74                Default_Handler
                0x08001b74                CEC_IRQHandler
                0x08001b74                ADC_IRQHandler
                0x08001b74                DMA1_Stream7_IRQHandler
                0x08001b74                SPI5_IRQHandler
                0x08001b74                TIM7_IRQHandler
                0x08001b74                SDMMC1_IRQHandler
                0x08001b74                CAN2_TX_IRQHandler
                0x08001b74                TIM5_IRQHandler
                0x08001b74                DMA2_Stream7_IRQHandler
                0x08001b74                I2C3_EV_IRQHandler
                0x08001b74                EXTI9_5_IRQHandler
                0x08001b74                RTC_WKUP_IRQHandler
                0x08001b74                LTDC_IRQHandler
                0x08001b74                ETH_WKUP_IRQHandler
                0x08001b74                SPDIF_RX_IRQHandler
                0x08001b74                SPI2_IRQHandler
                0x08001b74                OTG_HS_EP1_IN_IRQHandler
                0x08001b74                DMA1_Stream0_IRQHandler
                0x08001b74                CAN1_TX_IRQHandler
                0x08001b74                EXTI4_IRQHandler
                0x08001b74                RNG_IRQHandler
                0x08001b74                ETH_IRQHandler
                0x08001b74                OTG_HS_EP1_OUT_IRQHandler
                0x08001b74                WWDG_IRQHandler
                0x08001b74                SPI6_IRQHandler
                0x08001b74                I2C4_EV_IRQHandler
                0x08001b74                TIM2_IRQHandler
                0x08001b74                OTG_FS_WKUP_IRQHandler
                0x08001b74                TIM1_TRG_COM_TIM11_IRQHandler
                0x08001b74                OTG_HS_IRQHandler
                0x08001b74                DMA2D_IRQHandler
                0x08001b74                EXTI1_IRQHandler
                0x08001b74                UART7_IRQHandler
                0x08001b74                USART2_IRQHandler
                0x08001b74                I2C2_ER_IRQHandler
                0x08001b74                DMA2_Stream1_IRQHandler
                0x08001b74                CAN1_SCE_IRQHandler
                0x08001b74                FLASH_IRQHandler
                0x08001b74                DMA2_Stream4_IRQHandler
                0x08001b74                USART1_IRQHandler
                0x08001b74                OTG_FS_IRQHandler
                0x08001b74                SPI3_IRQHandler
                0x08001b74                DMA1_Stream4_IRQHandler
                0x08001b74                I2C1_ER_IRQHandler
                0x08001b74                FMC_IRQHandler
                0x08001b74                LPTIM1_IRQHandler
                0x08001b74                I2C4_ER_IRQHandler
                0x08001b74                DMA2_Stream6_IRQHandler
                0x08001b74                SAI1_IRQHandler
                0x08001b74                DMA1_Stream3_IRQHandler
 .text.HAL_Init
                0x08001b76       0x1a ./Drivers/STM32F7xx_HAL_Driver/Src/stm32f7xx_hal.o
                0x08001b76                HAL_Init
 .text.HAL_IncTick
                0x08001b90       0x28 ./Drivers/STM32F7xx_HAL_Driver/Src/stm32f7xx_hal.o
                0x08001b90                HAL_IncTick
 .text.HAL_GetTick
                0x08001bb8       0x18 ./Drivers/STM32F7xx_HAL_Driver/Src/stm32f7xx_hal.o
                0x08001bb8                HAL_GetTick
 .text.HAL_Delay
                0x08001bd0       0x48 ./Drivers/STM32F7xx_HAL_Driver/Src/stm32f7xx_hal.o
                0x08001bd0                HAL_Delay
 .text.__NVIC_SetPriorityGrouping
                0x08001c18       0x48 ./Drivers/STM32F7xx_HAL_Driver/Src/stm32f7xx_hal_cortex.o
 .text.__NVIC_GetPriorityGrouping
                0x08001c60       0x1c ./Drivers/STM32F7xx_HAL_Driver/Src/stm32f7xx_hal_cortex.o
 .text.__NVIC_EnableIRQ
                0x08001c7c       0x3c ./Drivers/STM32F7xx_HAL_Driver/Src/stm32f7xx_hal_cortex.o
 .text.__NVIC_SetPriority
                0x08001cb8       0x54 ./Drivers/STM32F7xx_HAL_Driver/Src/stm32f7xx_hal_cortex.o
 .text.NVIC_EncodePriority
                0x08001d0c       0x66 ./Drivers/STM32F7xx_HAL_Driver/Src/stm32f7xx_hal_cortex.o
 .text.HAL_NVIC_SetPriorityGrouping
                0x08001d72       0x16 ./Drivers/STM32F7xx_HAL_Driver/Src/stm32f7xx_hal_cortex.o
                0x08001d72                HAL_NVIC_SetPriorityGrouping
 .text.HAL_NVIC_SetPriority
                0x08001d88       0x38 ./Drivers/STM32F7xx_HAL_Driver/Src/stm32f7xx_hal_cortex.o
                0x08001d88                HAL_NVIC_SetPriority
 .text.HAL_NVIC_EnableIRQ
                0x08001dc0       0x1c ./Drivers/STM32F7xx_HAL_Driver/Src/stm32f7xx_hal_cortex.o
                0x08001dc0                HAL_NVIC_EnableIRQ
 .text.HAL_ETH_Init
                0x08001ddc      0x134 ./Drivers/STM32F7xx_HAL_Driver/Src/stm32f7xx_hal_eth.o
                0x08001ddc                HAL_ETH_Init
 .text.ETH_SetMACConfig
                0x08001f10      0x168 ./Drivers/STM32F7xx_HAL_Driver/Src/stm32f7xx_hal_eth.o
 .text.ETH_SetDMAConfig
                0x08002078      0x114 ./Drivers/STM32F7xx_HAL_Driver/Src/stm32f7xx_hal_eth.o
 .text.ETH_MACDMAConfig
                0x0800218c       0xea ./Drivers/STM32F7xx_HAL_Driver/Src/stm32f7xx_hal_eth.o
 *fill*         0x08002276        0x2 
 .text.ETH_MACAddressConfig
                0x08002278       0x70 ./Drivers/STM32F7xx_HAL_Driver/Src/stm32f7xx_hal_eth.o
 .text.ETH_DMATxDescListInit
                0x080022e8       0xb2 ./Drivers/STM32F7xx_HAL_Driver/Src/stm32f7xx_hal_eth.o
 .text.ETH_DMARxDescListInit
                0x0800239a       0xde ./Drivers/STM32F7xx_HAL_Driver/Src/stm32f7xx_hal_eth.o
 .text.HAL_GPIO_Init
                0x08002478      0x358 ./Drivers/STM32F7xx_HAL_Driver/Src/stm32f7xx_hal_gpio.o
                0x08002478                HAL_GPIO_Init
 .text.HAL_GPIO_WritePin
                0x080027d0       0x32 ./Drivers/STM32F7xx_HAL_Driver/Src/stm32f7xx_hal_gpio.o
                0x080027d0                HAL_GPIO_WritePin
 *fill*         0x08002802        0x2 
 .text.HAL_GPIO_EXTI_IRQHandler
                0x08002804       0x30 ./Drivers/STM32F7xx_HAL_Driver/Src/stm32f7xx_hal_gpio.o
                0x08002804                HAL_GPIO_EXTI_IRQHandler
 .text.HAL_PCD_Init
                0x08002834      0x22c ./Drivers/STM32F7xx_HAL_Driver/Src/stm32f7xx_hal_pcd.o
                0x08002834                HAL_PCD_Init
 .text.HAL_PCDEx_ActivateLPM
                0x08002a60       0x48 ./Drivers/STM32F7xx_HAL_Driver/Src/stm32f7xx_hal_pcd_ex.o
                0x08002a60                HAL_PCDEx_ActivateLPM
 .text.HAL_PWR_EnableBkUpAccess
                0x08002aa8       0x20 ./Drivers/STM32F7xx_HAL_Driver/Src/stm32f7xx_hal_pwr.o
                0x08002aa8                HAL_PWR_EnableBkUpAccess
 .text.HAL_RCC_OscConfig
                0x08002ac8      0x548 ./Drivers/STM32F7xx_HAL_Driver/Src/stm32f7xx_hal_rcc.o
                0x08002ac8                HAL_RCC_OscConfig
 .text.HAL_RCC_ClockConfig
                0x08003010      0x1d8 ./Drivers/STM32F7xx_HAL_Driver/Src/stm32f7xx_hal_rcc.o
                0x08003010                HAL_RCC_ClockConfig
 .text.HAL_RCC_GetSysClockFreq
                0x080031e8      0x20c ./Drivers/STM32F7xx_HAL_Driver/Src/stm32f7xx_hal_rcc.o
                0x080031e8                HAL_RCC_GetSysClockFreq
 .text.HAL_RCC_GetHCLKFreq
                0x080033f4       0x18 ./Drivers/STM32F7xx_HAL_Driver/Src/stm32f7xx_hal_rcc.o
                0x080033f4                HAL_RCC_GetHCLKFreq
 .text.HAL_RCC_GetPCLK1Freq
                0x0800340c       0x28 ./Drivers/STM32F7xx_HAL_Driver/Src/stm32f7xx_hal_rcc.o
                0x0800340c                HAL_RCC_GetPCLK1Freq
 .text.HAL_RCC_GetPCLK2Freq
                0x08003434       0x28 ./Drivers/STM32F7xx_HAL_Driver/Src/stm32f7xx_hal_rcc.o
                0x08003434                HAL_RCC_GetPCLK2Freq
 .text.HAL_RCC_GetClockConfig
                0x0800345c       0x64 ./Drivers/STM32F7xx_HAL_Driver/Src/stm32f7xx_hal_rcc.o
                0x0800345c                HAL_RCC_GetClockConfig
 .text.HAL_RCCEx_PeriphCLKConfig
                0x080034c0      0x7e0 ./Drivers/STM32F7xx_HAL_Driver/Src/stm32f7xx_hal_rcc_ex.o
                0x080034c0                HAL_RCCEx_PeriphCLKConfig
 .text.HAL_TIM_Base_Init
                0x08003ca0       0xae ./Drivers/STM32F7xx_HAL_Driver/Src/stm32f7xx_hal_tim.o
                0x08003ca0                HAL_TIM_Base_Init
 .text.HAL_TIM_Base_MspInit
                0x08003d4e       0x14 ./Drivers/STM32F7xx_HAL_Driver/Src/stm32f7xx_hal_tim.o
                0x08003d4e                HAL_TIM_Base_MspInit
 *fill*         0x08003d62        0x2 
 .text.HAL_TIM_Base_Start_IT
                0x08003d64       0xf0 ./Drivers/STM32F7xx_HAL_Driver/Src/stm32f7xx_hal_tim.o
                0x08003d64                HAL_TIM_Base_Start_IT
 .text.HAL_TIM_IRQHandler
                0x08003e54      0x20e ./Drivers/STM32F7xx_HAL_Driver/Src/stm32f7xx_hal_tim.o
                0x08003e54                HAL_TIM_IRQHandler
 .text.HAL_TIM_OC_DelayElapsedCallback
                0x08004062       0x14 ./Drivers/STM32F7xx_HAL_Driver/Src/stm32f7xx_hal_tim.o
                0x08004062                HAL_TIM_OC_DelayElapsedCallback
 .text.HAL_TIM_IC_CaptureCallback
                0x08004076       0x14 ./Drivers/STM32F7xx_HAL_Driver/Src/stm32f7xx_hal_tim.o
                0x08004076                HAL_TIM_IC_CaptureCallback
 .text.HAL_TIM_PWM_PulseFinishedCallback
                0x0800408a       0x14 ./Drivers/STM32F7xx_HAL_Driver/Src/stm32f7xx_hal_tim.o
                0x0800408a                HAL_TIM_PWM_PulseFinishedCallback
 .text.HAL_TIM_TriggerCallback
                0x0800409e       0x14 ./Drivers/STM32F7xx_HAL_Driver/Src/stm32f7xx_hal_tim.o
                0x0800409e                HAL_TIM_TriggerCallback
 *fill*         0x080040b2        0x2 
 .text.TIM_Base_SetConfig
                0x080040b4      0x158 ./Drivers/STM32F7xx_HAL_Driver/Src/stm32f7xx_hal_tim.o
                0x080040b4                TIM_Base_SetConfig
 .text.HAL_TIMEx_CommutCallback
                0x0800420c       0x14 ./Drivers/STM32F7xx_HAL_Driver/Src/stm32f7xx_hal_tim_ex.o
                0x0800420c                HAL_TIMEx_CommutCallback
 .text.HAL_TIMEx_BreakCallback
                0x08004220       0x14 ./Drivers/STM32F7xx_HAL_Driver/Src/stm32f7xx_hal_tim_ex.o
                0x08004220                HAL_TIMEx_BreakCallback
 .text.HAL_TIMEx_Break2Callback
                0x08004234       0x14 ./Drivers/STM32F7xx_HAL_Driver/Src/stm32f7xx_hal_tim_ex.o
                0x08004234                HAL_TIMEx_Break2Callback
 .text.HAL_UART_Init
                0x08004248       0x9c ./Drivers/STM32F7xx_HAL_Driver/Src/stm32f7xx_hal_uart.o
                0x08004248                HAL_UART_Init
 .text.UART_SetConfig
                0x080042e4      0x4c8 ./Drivers/STM32F7xx_HAL_Driver/Src/stm32f7xx_hal_uart.o
                0x080042e4                UART_SetConfig
 .text.UART_AdvFeatureConfig
                0x080047ac      0x144 ./Drivers/STM32F7xx_HAL_Driver/Src/stm32f7xx_hal_uart.o
                0x080047ac                UART_AdvFeatureConfig
 .text.UART_CheckIdleState
                0x080048f0       0xae ./Drivers/STM32F7xx_HAL_Driver/Src/stm32f7xx_hal_uart.o
                0x080048f0                UART_CheckIdleState
 .text.UART_WaitOnFlagUntilTimeout
                0x0800499e       0xda ./Drivers/STM32F7xx_HAL_Driver/Src/stm32f7xx_hal_uart.o
                0x0800499e                UART_WaitOnFlagUntilTimeout
 .text.UART_EndRxTransfer
                0x08004a78       0xc8 ./Drivers/STM32F7xx_HAL_Driver/Src/stm32f7xx_hal_uart.o
 .text.USB_CoreInit
                0x08004b40       0xb4 ./Drivers/STM32F7xx_HAL_Driver/Src/stm32f7xx_ll_usb.o
                0x08004b40                USB_CoreInit
 .text.USB_DisableGlobalInt
                0x08004bf4       0x22 ./Drivers/STM32F7xx_HAL_Driver/Src/stm32f7xx_ll_usb.o
                0x08004bf4                USB_DisableGlobalInt
 .text.USB_SetCurrentMode
                0x08004c16       0x98 ./Drivers/STM32F7xx_HAL_Driver/Src/stm32f7xx_ll_usb.o
                0x08004c16                USB_SetCurrentMode
 *fill*         0x08004cae        0x2 
 .text.USB_DevInit
                0x08004cb0      0x2bc ./Drivers/STM32F7xx_HAL_Driver/Src/stm32f7xx_ll_usb.o
                0x08004cb0                USB_DevInit
 .text.USB_FlushTxFifo
                0x08004f6c       0x64 ./Drivers/STM32F7xx_HAL_Driver/Src/stm32f7xx_ll_usb.o
                0x08004f6c                USB_FlushTxFifo
 .text.USB_FlushRxFifo
                0x08004fd0       0x5c ./Drivers/STM32F7xx_HAL_Driver/Src/stm32f7xx_ll_usb.o
                0x08004fd0                USB_FlushRxFifo
 .text.USB_SetDevSpeed
                0x0800502c       0x32 ./Drivers/STM32F7xx_HAL_Driver/Src/stm32f7xx_ll_usb.o
                0x0800502c                USB_SetDevSpeed
 .text.USB_DevDisconnect
                0x0800505e       0x42 ./Drivers/STM32F7xx_HAL_Driver/Src/stm32f7xx_ll_usb.o
                0x0800505e                USB_DevDisconnect
 .text.USB_GetMode
                0x080050a0       0x1c ./Drivers/STM32F7xx_HAL_Driver/Src/stm32f7xx_ll_usb.o
                0x080050a0                USB_GetMode
 .text.USB_CoreReset
                0x080050bc       0x62 ./Drivers/STM32F7xx_HAL_Driver/Src/stm32f7xx_ll_usb.o
 *fill*         0x0800511e        0x2 
 .text.vApplicationGetIdleTaskMemory
                0x08005120       0x34 ./Middlewares/Third_Party/FreeRTOS/Source/CMSIS_RTOS_V2/cmsis_os2.o
                0x08005120                vApplicationGetIdleTaskMemory
 .text.vApplicationGetTimerTaskMemory
                0x08005154       0x34 ./Middlewares/Third_Party/FreeRTOS/Source/CMSIS_RTOS_V2/cmsis_os2.o
                0x08005154                vApplicationGetTimerTaskMemory
 .text.vListInitialise
                0x08005188       0x40 ./Middlewares/Third_Party/FreeRTOS/Source/list.o
                0x08005188                vListInitialise
 .text.vListInitialiseItem
                0x080051c8       0x1a ./Middlewares/Third_Party/FreeRTOS/Source/list.o
                0x080051c8                vListInitialiseItem
 .text.vListInsertEnd
                0x080051e2       0x48 ./Middlewares/Third_Party/FreeRTOS/Source/list.o
                0x080051e2                vListInsertEnd
 .text.vListInsert
                0x0800522a       0x72 ./Middlewares/Third_Party/FreeRTOS/Source/list.o
                0x0800522a                vListInsert
 .text.uxListRemove
                0x0800529c       0x54 ./Middlewares/Third_Party/FreeRTOS/Source/list.o
                0x0800529c                uxListRemove
 .text.xQueueGenericReset
                0x080052f0       0xd8 ./Middlewares/Third_Party/FreeRTOS/Source/queue.o
                0x080052f0                xQueueGenericReset
 .text.xQueueGenericCreateStatic
                0x080053c8      0x10e ./Middlewares/Third_Party/FreeRTOS/Source/queue.o
                0x080053c8                xQueueGenericCreateStatic
 .text.xQueueGenericCreate
                0x080054d6       0x86 ./Middlewares/Third_Party/FreeRTOS/Source/queue.o
                0x080054d6                xQueueGenericCreate
 .text.prvInitialiseNewQueue
                0x0800555c       0x46 ./Middlewares/Third_Party/FreeRTOS/Source/queue.o
 .text.xQueueCreateCountingSemaphore
                0x080055a2       0x72 ./Middlewares/Third_Party/FreeRTOS/Source/queue.o
                0x080055a2                xQueueCreateCountingSemaphore
 .text.xQueueGenericSend
                0x08005614      0x214 ./Middlewares/Third_Party/FreeRTOS/Source/queue.o
                0x08005614                xQueueGenericSend
 .text.xQueueGenericSendFromISR
                0x08005828      0x146 ./Middlewares/Third_Party/FreeRTOS/Source/queue.o
                0x08005828                xQueueGenericSendFromISR
 .text.xQueueGiveFromISR
                0x0800596e      0x130 ./Middlewares/Third_Party/FreeRTOS/Source/queue.o
                0x0800596e                xQueueGiveFromISR
 *fill*         0x08005a9e        0x2 
 .text.xQueueReceive
                0x08005aa0      0x1d0 ./Middlewares/Third_Party/FreeRTOS/Source/queue.o
                0x08005aa0                xQueueReceive
 .text.xQueueSemaphoreTake
                0x08005c70      0x230 ./Middlewares/Third_Party/FreeRTOS/Source/queue.o
                0x08005c70                xQueueSemaphoreTake
 .text.prvGetDisinheritPriorityAfterTimeout
                0x08005ea0       0x30 ./Middlewares/Third_Party/FreeRTOS/Source/queue.o
 .text.prvCopyDataToQueue
                0x08005ed0       0xd4 ./Middlewares/Third_Party/FreeRTOS/Source/queue.o
 .text.prvCopyDataFromQueue
                0x08005fa4       0x4c ./Middlewares/Third_Party/FreeRTOS/Source/queue.o
 .text.prvUnlockQueue
                0x08005ff0       0xa4 ./Middlewares/Third_Party/FreeRTOS/Source/queue.o
 .text.prvIsQueueEmpty
                0x08006094       0x2c ./Middlewares/Third_Party/FreeRTOS/Source/queue.o
 .text.prvIsQueueFull
                0x080060c0       0x30 ./Middlewares/Third_Party/FreeRTOS/Source/queue.o
 .text.vQueueAddToRegistry
                0x080060f0       0x54 ./Middlewares/Third_Party/FreeRTOS/Source/queue.o
                0x080060f0                vQueueAddToRegistry
 .text.vQueueWaitForMessageRestricted
                0x08006144       0x68 ./Middlewares/Third_Party/FreeRTOS/Source/queue.o
                0x08006144                vQueueWaitForMessageRestricted
 .text.xTaskCreateStatic
                0x080061ac       0xcc ./Middlewares/Third_Party/FreeRTOS/Source/tasks.o
                0x080061ac                xTaskCreateStatic
 .text.xTaskCreate
                0x08006278       0x8a ./Middlewares/Third_Party/FreeRTOS/Source/tasks.o
                0x08006278                xTaskCreate
 *fill*         0x08006302        0x2 
 .text.prvInitialiseNewTask
                0x08006304      0x154 ./Middlewares/Third_Party/FreeRTOS/Source/tasks.o
 .text.prvAddNewTaskToReadyList
                0x08006458       0xe0 ./Middlewares/Third_Party/FreeRTOS/Source/tasks.o
 .text.vTaskStartScheduler
                0x08006538       0xe8 ./Middlewares/Third_Party/FreeRTOS/Source/tasks.o
                0x08006538                vTaskStartScheduler
 .text.vTaskSuspendAll
                0x08006620       0x1c ./Middlewares/Third_Party/FreeRTOS/Source/tasks.o
                0x08006620                vTaskSuspendAll
 .text.xTaskResumeAll
                0x0800663c      0x140 ./Middlewares/Third_Party/FreeRTOS/Source/tasks.o
                0x0800663c                xTaskResumeAll
 .text.xTaskGetTickCount
                0x0800677c       0x20 ./Middlewares/Third_Party/FreeRTOS/Source/tasks.o
                0x0800677c                xTaskGetTickCount
 .text.xTaskIncrementTick
                0x0800679c      0x178 ./Middlewares/Third_Party/FreeRTOS/Source/tasks.o
                0x0800679c                xTaskIncrementTick
 .text.vTaskSwitchContext
                0x08006914       0xd0 ./Middlewares/Third_Party/FreeRTOS/Source/tasks.o
                0x08006914                vTaskSwitchContext
 .text.vTaskPlaceOnEventList
                0x080069e4       0x50 ./Middlewares/Third_Party/FreeRTOS/Source/tasks.o
                0x080069e4                vTaskPlaceOnEventList
 .text.vTaskPlaceOnEventListRestricted
                0x08006a34       0x5c ./Middlewares/Third_Party/FreeRTOS/Source/tasks.o
                0x08006a34                vTaskPlaceOnEventListRestricted
 .text.xTaskRemoveFromEventList
                0x08006a90       0xcc ./Middlewares/Third_Party/FreeRTOS/Source/tasks.o
                0x08006a90                xTaskRemoveFromEventList
 .text.vTaskInternalSetTimeOutState
                0x08006b5c       0x2c ./Middlewares/Third_Party/FreeRTOS/Source/tasks.o
                0x08006b5c                vTaskInternalSetTimeOutState
 .text.xTaskCheckForTimeOut
                0x08006b88       0xd0 ./Middlewares/Third_Party/FreeRTOS/Source/tasks.o
                0x08006b88                xTaskCheckForTimeOut
 .text.vTaskMissedYield
                0x08006c58       0x18 ./Middlewares/Third_Party/FreeRTOS/Source/tasks.o
                0x08006c58                vTaskMissedYield
 .text.prvIdleTask
                0x08006c70       0x30 ./Middlewares/Third_Party/FreeRTOS/Source/tasks.o
 .text.prvInitialiseTaskLists
                0x08006ca0       0x80 ./Middlewares/Third_Party/FreeRTOS/Source/tasks.o
 .text.prvCheckTasksWaitingTermination
                0x08006d20       0x5c ./Middlewares/Third_Party/FreeRTOS/Source/tasks.o
 .text.prvDeleteTCB
                0x08006d7c       0x6e ./Middlewares/Third_Party/FreeRTOS/Source/tasks.o
 *fill*         0x08006dea        0x2 
 .text.prvResetNextTaskUnblockTime
                0x08006dec       0x40 ./Middlewares/Third_Party/FreeRTOS/Source/tasks.o
 .text.xTaskGetSchedulerState
                0x08006e2c       0x3c ./Middlewares/Third_Party/FreeRTOS/Source/tasks.o
                0x08006e2c                xTaskGetSchedulerState
 .text.xTaskPriorityInherit
                0x08006e68       0xd0 ./Middlewares/Third_Party/FreeRTOS/Source/tasks.o
                0x08006e68                xTaskPriorityInherit
 .text.xTaskPriorityDisinherit
                0x08006f38       0xe8 ./Middlewares/Third_Party/FreeRTOS/Source/tasks.o
                0x08006f38                xTaskPriorityDisinherit
 .text.vTaskPriorityDisinheritAfterTimeout
                0x08007020      0x110 ./Middlewares/Third_Party/FreeRTOS/Source/tasks.o
                0x08007020                vTaskPriorityDisinheritAfterTimeout
 .text.pvTaskIncrementMutexHeldCount
                0x08007130       0x28 ./Middlewares/Third_Party/FreeRTOS/Source/tasks.o
                0x08007130                pvTaskIncrementMutexHeldCount
 .text.prvAddCurrentTaskToDelayedList
                0x08007158       0xa8 ./Middlewares/Third_Party/FreeRTOS/Source/tasks.o
 .text.xTimerCreateTimerTask
                0x08007200       0x98 ./Middlewares/Third_Party/FreeRTOS/Source/timers.o
                0x08007200                xTimerCreateTimerTask
 .text.xTimerCreate
                0x08007298       0x42 ./Middlewares/Third_Party/FreeRTOS/Source/timers.o
                0x08007298                xTimerCreate
 .text.prvInitialiseNewTimer
                0x080072da       0x7c ./Middlewares/Third_Party/FreeRTOS/Source/timers.o
 *fill*         0x08007356        0x2 
 .text.xTimerGenericCommand
                0x08007358       0xa0 ./Middlewares/Third_Party/FreeRTOS/Source/timers.o
                0x08007358                xTimerGenericCommand
 .text.prvProcessExpiredTimer
                0x080073f8       0xa0 ./Middlewares/Third_Party/FreeRTOS/Source/timers.o
 .text.prvTimerTask
                0x08007498       0x26 ./Middlewares/Third_Party/FreeRTOS/Source/timers.o
 *fill*         0x080074be        0x2 
 .text.prvProcessTimerOrBlockTask
                0x080074c0       0x9c ./Middlewares/Third_Party/FreeRTOS/Source/timers.o
 .text.prvGetNextExpireTime
                0x0800755c       0x48 ./Middlewares/Third_Party/FreeRTOS/Source/timers.o
 .text.prvSampleTimeNow
                0x080075a4       0x40 ./Middlewares/Third_Party/FreeRTOS/Source/timers.o
 .text.prvInsertTimerInActiveList
                0x080075e4       0x84 ./Middlewares/Third_Party/FreeRTOS/Source/timers.o
 .text.prvProcessReceivedCommands
                0x08007668      0x1d8 ./Middlewares/Third_Party/FreeRTOS/Source/timers.o
 .text.prvSwitchTimerLists
                0x08007840       0xd0 ./Middlewares/Third_Party/FreeRTOS/Source/timers.o
 .text.prvCheckForValidListAndQueue
                0x08007910       0x80 ./Middlewares/Third_Party/FreeRTOS/Source/timers.o
 .text.pxPortInitialiseStack
                0x08007990       0x68 ./Middlewares/Third_Party/FreeRTOS/Source/portable/GCC/ARM_CM7/r0p1/port.o
                0x08007990                pxPortInitialiseStack
 .text.prvTaskExitError
                0x080079f8       0x64 ./Middlewares/Third_Party/FreeRTOS/Source/portable/GCC/ARM_CM7/r0p1/port.o
 *fill*         0x08007a5c        0x4 
 .text.SVC_Handler
                0x08007a60       0x28 ./Middlewares/Third_Party/FreeRTOS/Source/portable/GCC/ARM_CM7/r0p1/port.o
                0x08007a60                SVC_Handler
 .text.prvPortStartFirstTask
                0x08007a88       0x28 ./Middlewares/Third_Party/FreeRTOS/Source/portable/GCC/ARM_CM7/r0p1/port.o
 .text.xPortStartScheduler
                0x08007ab0       0xfc ./Middlewares/Third_Party/FreeRTOS/Source/portable/GCC/ARM_CM7/r0p1/port.o
                0x08007ab0                xPortStartScheduler
 .text.vPortEnterCritical
                0x08007bac       0x6c ./Middlewares/Third_Party/FreeRTOS/Source/portable/GCC/ARM_CM7/r0p1/port.o
                0x08007bac                vPortEnterCritical
 .text.vPortExitCritical
                0x08007c18       0x58 ./Middlewares/Third_Party/FreeRTOS/Source/portable/GCC/ARM_CM7/r0p1/port.o
                0x08007c18                vPortExitCritical
 .text.PendSV_Handler
                0x08007c70       0x68 ./Middlewares/Third_Party/FreeRTOS/Source/portable/GCC/ARM_CM7/r0p1/port.o
                0x08007c70                PendSV_Handler
 .text.SysTick_Handler
                0x08007cd8       0x48 ./Middlewares/Third_Party/FreeRTOS/Source/portable/GCC/ARM_CM7/r0p1/port.o
                0x08007cd8                SysTick_Handler
 .text.vPortSetupTimerInterrupt
                0x08007d20       0x48 ./Middlewares/Third_Party/FreeRTOS/Source/portable/GCC/ARM_CM7/r0p1/port.o
                0x08007d20                vPortSetupTimerInterrupt
 .text.vPortEnableVFP
                0x08007d68       0x14 ./Middlewares/Third_Party/FreeRTOS/Source/portable/GCC/ARM_CM7/r0p1/port.o
 .text.vPortValidateInterruptPriority
                0x08007d7c       0x8c ./Middlewares/Third_Party/FreeRTOS/Source/portable/GCC/ARM_CM7/r0p1/port.o
                0x08007d7c                vPortValidateInterruptPriority
 .text.pvPortMalloc
                0x08007e08      0x19c ./Middlewares/Third_Party/FreeRTOS/Source/portable/MemMang/heap_4.o
                0x08007e08                pvPortMalloc
 .text.vPortFree
                0x08007fa4       0xc0 ./Middlewares/Third_Party/FreeRTOS/Source/portable/MemMang/heap_4.o
                0x08007fa4                vPortFree
 .text.prvHeapInit
                0x08008064       0xc4 ./Middlewares/Third_Party/FreeRTOS/Source/portable/MemMang/heap_4.o
 .text.prvInsertBlockIntoFreeList
                0x08008128       0xb4 ./Middlewares/Third_Party/FreeRTOS/Source/portable/MemMang/heap_4.o
 .text.memset   0x080081dc       0x10 C:/ST/STM32CubeIDE_1.16.0/STM32CubeIDE/plugins/com.st.stm32cube.ide.mcu.externaltools.gnu-tools-for-stm32.12.3.rel1.win32_1.0.200.202406191623/tools/bin/../lib/gcc/arm-none-eabi/12.3.1/../../../../arm-none-eabi/lib/thumb/v7e-m+fp/hard\libc_nano.a(libc_a-memset.o)
                0x080081dc                memset
 .text._reclaim_reent
                0x080081ec       0xac C:/ST/STM32CubeIDE_1.16.0/STM32CubeIDE/plugins/com.st.stm32cube.ide.mcu.externaltools.gnu-tools-for-stm32.12.3.rel1.win32_1.0.200.202406191623/tools/bin/../lib/gcc/arm-none-eabi/12.3.1/../../../../arm-none-eabi/lib/thumb/v7e-m+fp/hard\libc_nano.a(libc_a-reent.o)
                0x080081ec                _reclaim_reent
 .text.__libc_init_array
                0x08008298       0x48 C:/ST/STM32CubeIDE_1.16.0/STM32CubeIDE/plugins/com.st.stm32cube.ide.mcu.externaltools.gnu-tools-for-stm32.12.3.rel1.win32_1.0.200.202406191623/tools/bin/../lib/gcc/arm-none-eabi/12.3.1/../../../../arm-none-eabi/lib/thumb/v7e-m+fp/hard\libc_nano.a(libc_a-init.o)
                0x08008298                __libc_init_array
 .text.__retarget_lock_acquire_recursive
                0x080082e0        0x2 C:/ST/STM32CubeIDE_1.16.0/STM32CubeIDE/plugins/com.st.stm32cube.ide.mcu.externaltools.gnu-tools-for-stm32.12.3.rel1.win32_1.0.200.202406191623/tools/bin/../lib/gcc/arm-none-eabi/12.3.1/../../../../arm-none-eabi/lib/thumb/v7e-m+fp/hard\libc_nano.a(libc_a-lock.o)
                0x080082e0                __retarget_lock_acquire_recursive
 .text.__retarget_lock_release_recursive
                0x080082e2        0x2 C:/ST/STM32CubeIDE_1.16.0/STM32CubeIDE/plugins/com.st.stm32cube.ide.mcu.externaltools.gnu-tools-for-stm32.12.3.rel1.win32_1.0.200.202406191623/tools/bin/../lib/gcc/arm-none-eabi/12.3.1/../../../../arm-none-eabi/lib/thumb/v7e-m+fp/hard\libc_nano.a(libc_a-lock.o)
                0x080082e2                __retarget_lock_release_recursive
 .text.memcpy   0x080082e4       0x1c C:/ST/STM32CubeIDE_1.16.0/STM32CubeIDE/plugins/com.st.stm32cube.ide.mcu.externaltools.gnu-tools-for-stm32.12.3.rel1.win32_1.0.200.202406191623/tools/bin/../lib/gcc/arm-none-eabi/12.3.1/../../../../arm-none-eabi/lib/thumb/v7e-m+fp/hard\libc_nano.a(libc_a-memcpy-stub.o)
                0x080082e4                memcpy
 .text._free_r  0x08008300       0x94 C:/ST/STM32CubeIDE_1.16.0/STM32CubeIDE/plugins/com.st.stm32cube.ide.mcu.externaltools.gnu-tools-for-stm32.12.3.rel1.win32_1.0.200.202406191623/tools/bin/../lib/gcc/arm-none-eabi/12.3.1/../../../../arm-none-eabi/lib/thumb/v7e-m+fp/hard\libc_nano.a(libc_a-freer.o)
                0x08008300                _free_r
 .text.__malloc_lock
                0x08008394        0xc C:/ST/STM32CubeIDE_1.16.0/STM32CubeIDE/plugins/com.st.stm32cube.ide.mcu.externaltools.gnu-tools-for-stm32.12.3.rel1.win32_1.0.200.202406191623/tools/bin/../lib/gcc/arm-none-eabi/12.3.1/../../../../arm-none-eabi/lib/thumb/v7e-m+fp/hard\libc_nano.a(libc_a-mlock.o)
                0x08008394                __malloc_lock
 .text.__malloc_unlock
                0x080083a0        0xc C:/ST/STM32CubeIDE_1.16.0/STM32CubeIDE/plugins/com.st.stm32cube.ide.mcu.externaltools.gnu-tools-for-stm32.12.3.rel1.win32_1.0.200.202406191623/tools/bin/../lib/gcc/arm-none-eabi/12.3.1/../../../../arm-none-eabi/lib/thumb/v7e-m+fp/hard\libc_nano.a(libc_a-mlock.o)
                0x080083a0                __malloc_unlock
 *(.glue_7)
 .glue_7        0x080083ac        0x0 linker stubs
 *(.glue_7t)
 .glue_7t       0x080083ac        0x0 linker stubs
 *(.eh_frame)
 .eh_frame      0x080083ac        0x0 C:/ST/STM32CubeIDE_1.16.0/STM32CubeIDE/plugins/com.st.stm32cube.ide.mcu.externaltools.gnu-tools-for-stm32.12.3.rel1.win32_1.0.200.202406191623/tools/bin/../lib/gcc/arm-none-eabi/12.3.1/thumb/v7e-m+fp/hard/crtbegin.o
 *(.init)
 .init          0x080083ac        0x4 C:/ST/STM32CubeIDE_1.16.0/STM32CubeIDE/plugins/com.st.stm32cube.ide.mcu.externaltools.gnu-tools-for-stm32.12.3.rel1.win32_1.0.200.202406191623/tools/bin/../lib/gcc/arm-none-eabi/12.3.1/thumb/v7e-m+fp/hard/crti.o
                0x080083ac                _init
 .init          0x080083b0        0x8 C:/ST/STM32CubeIDE_1.16.0/STM32CubeIDE/plugins/com.st.stm32cube.ide.mcu.externaltools.gnu-tools-for-stm32.12.3.rel1.win32_1.0.200.202406191623/tools/bin/../lib/gcc/arm-none-eabi/12.3.1/thumb/v7e-m+fp/hard/crtn.o
 *(.fini)
 .fini          0x080083b8        0x4 C:/ST/STM32CubeIDE_1.16.0/STM32CubeIDE/plugins/com.st.stm32cube.ide.mcu.externaltools.gnu-tools-for-stm32.12.3.rel1.win32_1.0.200.202406191623/tools/bin/../lib/gcc/arm-none-eabi/12.3.1/thumb/v7e-m+fp/hard/crti.o
                0x080083b8                _fini
 .fini          0x080083bc        0x8 C:/ST/STM32CubeIDE_1.16.0/STM32CubeIDE/plugins/com.st.stm32cube.ide.mcu.externaltools.gnu-tools-for-stm32.12.3.rel1.win32_1.0.200.202406191623/tools/bin/../lib/gcc/arm-none-eabi/12.3.1/thumb/v7e-m+fp/hard/crtn.o
                0x080083c4                        . = ALIGN (0x4)
                0x080083c4                        _etext = .

.vfp11_veneer   0x080083c4        0x0
 .vfp11_veneer  0x080083c4        0x0 linker stubs

.v4_bx          0x080083c4        0x0
 .v4_bx         0x080083c4        0x0 linker stubs

.iplt           0x080083c4        0x0
 .iplt          0x080083c4        0x0 C:/ST/STM32CubeIDE_1.16.0/STM32CubeIDE/plugins/com.st.stm32cube.ide.mcu.externaltools.gnu-tools-for-stm32.12.3.rel1.win32_1.0.200.202406191623/tools/bin/../lib/gcc/arm-none-eabi/12.3.1/thumb/v7e-m+fp/hard/crtbegin.o

.rodata         0x080083c4       0x90
                0x080083c4                        . = ALIGN (0x4)
 *(.rodata)
 .rodata        0x080083c4       0x5d ./Core/Src/main.o
 *fill*         0x08008421        0x3 
 .rodata        0x08008424        0x5 ./Middlewares/Third_Party/FreeRTOS/Source/tasks.o
 *fill*         0x08008429        0x3 
 .rodata        0x0800842c        0xd ./Middlewares/Third_Party/FreeRTOS/Source/timers.o
 *(.rodata*)
 *fill*         0x08008439        0x3 
 .rodata.AHBPrescTable
                0x0800843c       0x10 ./Core/Src/system_stm32f7xx.o
                0x0800843c                AHBPrescTable
 .rodata.APBPrescTable
                0x0800844c        0x8 ./Core/Src/system_stm32f7xx.o
                0x0800844c                APBPrescTable
                0x08008454                        . = ALIGN (0x4)

.ARM.extab      0x08008454        0x0
                0x08008454                        . = ALIGN (0x4)
 *(.ARM.extab* .gnu.linkonce.armextab.*)
                0x08008454                        . = ALIGN (0x4)

.ARM            0x08008454        0x8
                0x08008454                        . = ALIGN (0x4)
                0x08008454                        __exidx_start = .
 *(.ARM.exidx*)
 .ARM.exidx     0x08008454        0x8 C:/ST/STM32CubeIDE_1.16.0/STM32CubeIDE/plugins/com.st.stm32cube.ide.mcu.externaltools.gnu-tools-for-stm32.12.3.rel1.win32_1.0.200.202406191623/tools/bin/../lib/gcc/arm-none-eabi/12.3.1/thumb/v7e-m+fp/hard\libgcc.a(_udivmoddi4.o)
                0x0800845c                        __exidx_end = .
                0x0800845c                        . = ALIGN (0x4)

.preinit_array  0x0800845c        0x0
                0x0800845c                        . = ALIGN (0x4)
                0x0800845c                        PROVIDE (__preinit_array_start = .)
 *(.preinit_array*)
                0x0800845c                        PROVIDE (__preinit_array_end = .)
                0x0800845c                        . = ALIGN (0x4)

.init_array     0x0800845c        0x4
                0x0800845c                        . = ALIGN (0x4)
                0x0800845c                        PROVIDE (__init_array_start = .)
 *(SORT_BY_NAME(.init_array.*))
 *(.init_array*)
 .init_array    0x0800845c        0x4 C:/ST/STM32CubeIDE_1.16.0/STM32CubeIDE/plugins/com.st.stm32cube.ide.mcu.externaltools.gnu-tools-for-stm32.12.3.rel1.win32_1.0.200.202406191623/tools/bin/../lib/gcc/arm-none-eabi/12.3.1/thumb/v7e-m+fp/hard/crtbegin.o
                0x08008460                        PROVIDE (__init_array_end = .)
                0x08008460                        . = ALIGN (0x4)

.fini_array     0x08008460        0x4
                0x08008460                        . = ALIGN (0x4)
                [!provide]                        PROVIDE (__fini_array_start = .)
 *(SORT_BY_NAME(.fini_array.*))
 *(.fini_array*)
 .fini_array    0x08008460        0x4 C:/ST/STM32CubeIDE_1.16.0/STM32CubeIDE/plugins/com.st.stm32cube.ide.mcu.externaltools.gnu-tools-for-stm32.12.3.rel1.win32_1.0.200.202406191623/tools/bin/../lib/gcc/arm-none-eabi/12.3.1/thumb/v7e-m+fp/hard/crtbegin.o
                [!provide]                        PROVIDE (__fini_array_end = .)
                0x08008464                        . = ALIGN (0x4)
                0x08008464                        _sidata = LOADADDR (.data)

.rel.dyn        0x08008464        0x0
 .rel.iplt      0x08008464        0x0 C:/ST/STM32CubeIDE_1.16.0/STM32CubeIDE/plugins/com.st.stm32cube.ide.mcu.externaltools.gnu-tools-for-stm32.12.3.rel1.win32_1.0.200.202406191623/tools/bin/../lib/gcc/arm-none-eabi/12.3.1/thumb/v7e-m+fp/hard/crtbegin.o

.data           0x20000000      0x664 load address 0x08008464
                0x20000000                        . = ALIGN (0x4)
                0x20000000                        _sdata = .
 *(.data)
 *(.data*)
 .data.dig      0x20000000        0x1 ./Core/Src/main.o
                0x20000000                dig
 *fill*         0x20000001        0x3 
 .data.SOGANG   0x20000004      0x1c0 ./Core/Src/main.o
                0x20000004                SOGANG
 .data.STUDID   0x200001c4      0x1c0 ./Core/Src/main.o
                0x200001c4                STUDID
 .data.ZERO     0x20000384       0x40 ./Core/Src/main.o
                0x20000384                ZERO
 .data.ONE      0x200003c4       0x40 ./Core/Src/main.o
                0x200003c4                ONE
 .data.TWO      0x20000404       0x40 ./Core/Src/main.o
                0x20000404                TWO
 .data.THREE    0x20000444       0x40 ./Core/Src/main.o
                0x20000444                THREE
 .data.FOUR     0x20000484       0x40 ./Core/Src/main.o
                0x20000484                FOUR
 .data.FIVE     0x200004c4       0x40 ./Core/Src/main.o
                0x200004c4                FIVE
 .data.SIX      0x20000504       0x40 ./Core/Src/main.o
                0x20000504                SIX
 .data.SEVEN    0x20000544       0x40 ./Core/Src/main.o
                0x20000544                SEVEN
 .data.EIGHT    0x20000584       0x40 ./Core/Src/main.o
                0x20000584                EIGHT
 .data.NINE     0x200005c4       0x40 ./Core/Src/main.o
                0x200005c4                NINE
 .data.SystemCoreClock
                0x20000604        0x4 ./Core/Src/system_stm32f7xx.o
                0x20000604                SystemCoreClock
 .data.uwTickPrio
                0x20000608        0x4 ./Drivers/STM32F7xx_HAL_Driver/Src/stm32f7xx_hal.o
                0x20000608                uwTickPrio
 .data.uwTickFreq
                0x2000060c        0x1 ./Drivers/STM32F7xx_HAL_Driver/Src/stm32f7xx_hal.o
                0x2000060c                uwTickFreq
 *fill*         0x2000060d        0x3 
 .data.uxCriticalNesting
                0x20000610        0x4 ./Middlewares/Third_Party/FreeRTOS/Source/portable/GCC/ARM_CM7/r0p1/port.o
 .data._impure_ptr
                0x20000614        0x4 C:/ST/STM32CubeIDE_1.16.0/STM32CubeIDE/plugins/com.st.stm32cube.ide.mcu.externaltools.gnu-tools-for-stm32.12.3.rel1.win32_1.0.200.202406191623/tools/bin/../lib/gcc/arm-none-eabi/12.3.1/../../../../arm-none-eabi/lib/thumb/v7e-m+fp/hard\libc_nano.a(libc_a-impure.o)
                0x20000614                _impure_ptr
 .data._impure_data
                0x20000618       0x4c C:/ST/STM32CubeIDE_1.16.0/STM32CubeIDE/plugins/com.st.stm32cube.ide.mcu.externaltools.gnu-tools-for-stm32.12.3.rel1.win32_1.0.200.202406191623/tools/bin/../lib/gcc/arm-none-eabi/12.3.1/../../../../arm-none-eabi/lib/thumb/v7e-m+fp/hard\libc_nano.a(libc_a-impure.o)
                0x20000618                _impure_data
 *(.RamFunc)
 *(.RamFunc*)
                0x20000664                        . = ALIGN (0x4)
                0x20000664                        _edata = .

.igot.plt       0x20000664        0x0 load address 0x08008ac8
 .igot.plt      0x20000664        0x0 C:/ST/STM32CubeIDE_1.16.0/STM32CubeIDE/plugins/com.st.stm32cube.ide.mcu.externaltools.gnu-tools-for-stm32.12.3.rel1.win32_1.0.200.202406191623/tools/bin/../lib/gcc/arm-none-eabi/12.3.1/thumb/v7e-m+fp/hard/crtbegin.o

.RxDecripSection
                0x20000664       0xa0 load address 0x08008ac8
 .RxDecripSection
                0x20000664       0xa0 ./Core/Src/main.o
                0x20000664                DMARxDscrTab

.TxDecripSection
                0x20000704       0xa0 load address 0x08008b68
 .TxDecripSection
                0x20000704       0xa0 ./Core/Src/main.o
                0x20000704                DMATxDscrTab
                0x200007a4                        . = ALIGN (0x4)

.bss            0x200007a4     0x520c load address 0x08008c08
                0x200007a4                        _sbss = .
                0x200007a4                        __bss_start__ = _sbss
 *(.bss)
 .bss           0x200007a4       0x1c C:/ST/STM32CubeIDE_1.16.0/STM32CubeIDE/plugins/com.st.stm32cube.ide.mcu.externaltools.gnu-tools-for-stm32.12.3.rel1.win32_1.0.200.202406191623/tools/bin/../lib/gcc/arm-none-eabi/12.3.1/thumb/v7e-m+fp/hard/crtbegin.o
 *(.bss*)
 .bss.TxConfig  0x200007c0       0x38 ./Core/Src/main.o
                0x200007c0                TxConfig
 .bss.heth      0x200007f8       0xb0 ./Core/Src/main.o
                0x200007f8                heth
 .bss.huart3    0x200008a8       0x88 ./Core/Src/main.o
                0x200008a8                huart3
 .bss.hpcd_USB_OTG_FS
                0x20000930      0x4e0 ./Core/Src/main.o
                0x20000930                hpcd_USB_OTG_FS
 .bss.xCountingSemaphore
                0x20000e10        0x4 ./Core/Src/main.o
                0x20000e10                xCountingSemaphore
 .bss.xOneShotTimer
                0x20000e14        0x4 ./Core/Src/main.o
                0x20000e14                xOneShotTimer
 .bss.xModifyTimer
                0x20000e18        0x4 ./Core/Src/main.o
                0x20000e18                xModifyTimer
 .bss.xAutoReloadTimer
                0x20000e1c        0x4 ./Core/Src/main.o
                0x20000e1c                xAutoReloadTimer
 .bss.xQueue    0x20000e20        0x4 ./Core/Src/main.o
                0x20000e20                xQueue
 .bss.xSecQueue
                0x20000e24        0x4 ./Core/Src/main.o
                0x20000e24                xSecQueue
 .bss.xOneQueue
                0x20000e28        0x4 ./Core/Src/main.o
                0x20000e28                xOneQueue
 .bss.xFiveQueue
                0x20000e2c        0x4 ./Core/Src/main.o
                0x20000e2c                xFiveQueue
 .bss.modifychk
                0x20000e30        0x1 ./Core/Src/main.o
                0x20000e30                modifychk
 .bss.moving_point
                0x20000e31        0x1 ./Core/Src/main.o
                0x20000e31                moving_point
 .bss.shift_count
                0x20000e32        0x1 ./Core/Src/main.o
                0x20000e32                shift_count
 .bss.secchk    0x20000e33        0x1 ./Core/Src/main.o
                0x20000e33                secchk
 .bss.mode      0x20000e34        0x1 ./Core/Src/main.o
                0x20000e34                mode
 *fill*         0x20000e35        0x3 
 .bss.MACAddr.1
                0x20000e38        0x6 ./Core/Src/main.o
 *fill*         0x20000e3e        0x2 
 .bss.pre_itr_t.0
                0x20000e40        0x4 ./Core/Src/main.o
 .bss.htim4     0x20000e44       0x4c ./Core/Src/stm32f7xx_hal_timebase_tim.o
                0x20000e44                htim4
 .bss.uwTick    0x20000e90        0x4 ./Drivers/STM32F7xx_HAL_Driver/Src/stm32f7xx_hal.o
                0x20000e90                uwTick
 .bss.Idle_TCB  0x20000e94       0xa8 ./Middlewares/Third_Party/FreeRTOS/Source/CMSIS_RTOS_V2/cmsis_os2.o
 .bss.Idle_Stack
                0x20000f3c      0x200 ./Middlewares/Third_Party/FreeRTOS/Source/CMSIS_RTOS_V2/cmsis_os2.o
 .bss.Timer_TCB
                0x2000113c       0xa8 ./Middlewares/Third_Party/FreeRTOS/Source/CMSIS_RTOS_V2/cmsis_os2.o
 .bss.Timer_Stack
                0x200011e4      0x400 ./Middlewares/Third_Party/FreeRTOS/Source/CMSIS_RTOS_V2/cmsis_os2.o
 .bss.xQueueRegistry
                0x200015e4       0x40 ./Middlewares/Third_Party/FreeRTOS/Source/queue.o
                0x200015e4                xQueueRegistry
 .bss.pxCurrentTCB
                0x20001624        0x4 ./Middlewares/Third_Party/FreeRTOS/Source/tasks.o
                0x20001624                pxCurrentTCB
 .bss.pxReadyTasksLists
                0x20001628      0x460 ./Middlewares/Third_Party/FreeRTOS/Source/tasks.o
 .bss.xDelayedTaskList1
                0x20001a88       0x14 ./Middlewares/Third_Party/FreeRTOS/Source/tasks.o
 .bss.xDelayedTaskList2
                0x20001a9c       0x14 ./Middlewares/Third_Party/FreeRTOS/Source/tasks.o
 .bss.pxDelayedTaskList
                0x20001ab0        0x4 ./Middlewares/Third_Party/FreeRTOS/Source/tasks.o
 .bss.pxOverflowDelayedTaskList
                0x20001ab4        0x4 ./Middlewares/Third_Party/FreeRTOS/Source/tasks.o
 .bss.xPendingReadyList
                0x20001ab8       0x14 ./Middlewares/Third_Party/FreeRTOS/Source/tasks.o
 .bss.xTasksWaitingTermination
                0x20001acc       0x14 ./Middlewares/Third_Party/FreeRTOS/Source/tasks.o
 .bss.uxDeletedTasksWaitingCleanUp
                0x20001ae0        0x4 ./Middlewares/Third_Party/FreeRTOS/Source/tasks.o
 .bss.xSuspendedTaskList
                0x20001ae4       0x14 ./Middlewares/Third_Party/FreeRTOS/Source/tasks.o
 .bss.uxCurrentNumberOfTasks
                0x20001af8        0x4 ./Middlewares/Third_Party/FreeRTOS/Source/tasks.o
 .bss.xTickCount
                0x20001afc        0x4 ./Middlewares/Third_Party/FreeRTOS/Source/tasks.o
 .bss.uxTopReadyPriority
                0x20001b00        0x4 ./Middlewares/Third_Party/FreeRTOS/Source/tasks.o
 .bss.xSchedulerRunning
                0x20001b04        0x4 ./Middlewares/Third_Party/FreeRTOS/Source/tasks.o
 .bss.uxPendedTicks
                0x20001b08        0x4 ./Middlewares/Third_Party/FreeRTOS/Source/tasks.o
 .bss.xYieldPending
                0x20001b0c        0x4 ./Middlewares/Third_Party/FreeRTOS/Source/tasks.o
 .bss.xNumOfOverflows
                0x20001b10        0x4 ./Middlewares/Third_Party/FreeRTOS/Source/tasks.o
 .bss.uxTaskNumber
                0x20001b14        0x4 ./Middlewares/Third_Party/FreeRTOS/Source/tasks.o
 .bss.xNextTaskUnblockTime
                0x20001b18        0x4 ./Middlewares/Third_Party/FreeRTOS/Source/tasks.o
 .bss.xIdleTaskHandle
                0x20001b1c        0x4 ./Middlewares/Third_Party/FreeRTOS/Source/tasks.o
 .bss.uxSchedulerSuspended
                0x20001b20        0x4 ./Middlewares/Third_Party/FreeRTOS/Source/tasks.o
 .bss.xActiveTimerList1
                0x20001b24       0x14 ./Middlewares/Third_Party/FreeRTOS/Source/timers.o
 .bss.xActiveTimerList2
                0x20001b38       0x14 ./Middlewares/Third_Party/FreeRTOS/Source/timers.o
 .bss.pxCurrentTimerList
                0x20001b4c        0x4 ./Middlewares/Third_Party/FreeRTOS/Source/timers.o
 .bss.pxOverflowTimerList
                0x20001b50        0x4 ./Middlewares/Third_Party/FreeRTOS/Source/timers.o
 .bss.xTimerQueue
                0x20001b54        0x4 ./Middlewares/Third_Party/FreeRTOS/Source/timers.o
 .bss.xTimerTaskHandle
                0x20001b58        0x4 ./Middlewares/Third_Party/FreeRTOS/Source/timers.o
 .bss.xLastTime.2
                0x20001b5c        0x4 ./Middlewares/Third_Party/FreeRTOS/Source/timers.o
 .bss.ucStaticTimerQueueStorage.1
                0x20001b60       0xa0 ./Middlewares/Third_Party/FreeRTOS/Source/timers.o
 .bss.xStaticTimerQueue.0
                0x20001c00       0x50 ./Middlewares/Third_Party/FreeRTOS/Source/timers.o
 .bss.ucMaxSysCallPriority
                0x20001c50        0x1 ./Middlewares/Third_Party/FreeRTOS/Source/portable/GCC/ARM_CM7/r0p1/port.o
 *fill*         0x20001c51        0x3 
 .bss.ulMaxPRIGROUPValue
                0x20001c54        0x4 ./Middlewares/Third_Party/FreeRTOS/Source/portable/GCC/ARM_CM7/r0p1/port.o
 .bss.ucHeap    0x20001c58     0x3c00 ./Middlewares/Third_Party/FreeRTOS/Source/portable/MemMang/heap_4.o
 .bss.xStart    0x20005858        0x8 ./Middlewares/Third_Party/FreeRTOS/Source/portable/MemMang/heap_4.o
 .bss.pxEnd     0x20005860        0x4 ./Middlewares/Third_Party/FreeRTOS/Source/portable/MemMang/heap_4.o
 .bss.xFreeBytesRemaining
                0x20005864        0x4 ./Middlewares/Third_Party/FreeRTOS/Source/portable/MemMang/heap_4.o
 .bss.xMinimumEverFreeBytesRemaining
                0x20005868        0x4 ./Middlewares/Third_Party/FreeRTOS/Source/portable/MemMang/heap_4.o
 .bss.xBlockAllocatedBit
                0x2000586c        0x4 ./Middlewares/Third_Party/FreeRTOS/Source/portable/MemMang/heap_4.o
 .bss.__sf      0x20005870      0x138 C:/ST/STM32CubeIDE_1.16.0/STM32CubeIDE/plugins/com.st.stm32cube.ide.mcu.externaltools.gnu-tools-for-stm32.12.3.rel1.win32_1.0.200.202406191623/tools/bin/../lib/gcc/arm-none-eabi/12.3.1/../../../../arm-none-eabi/lib/thumb/v7e-m+fp/hard\libc_nano.a(libc_a-findfp.o)
                0x20005870                __sf
 .bss.__lock___malloc_recursive_mutex
                0x200059a8        0x1 C:/ST/STM32CubeIDE_1.16.0/STM32CubeIDE/plugins/com.st.stm32cube.ide.mcu.externaltools.gnu-tools-for-stm32.12.3.rel1.win32_1.0.200.202406191623/tools/bin/../lib/gcc/arm-none-eabi/12.3.1/../../../../arm-none-eabi/lib/thumb/v7e-m+fp/hard\libc_nano.a(libc_a-lock.o)
                0x200059a8                __lock___malloc_recursive_mutex
 *fill*         0x200059a9        0x3 
 .bss.__malloc_free_list
                0x200059ac        0x4 C:/ST/STM32CubeIDE_1.16.0/STM32CubeIDE/plugins/com.st.stm32cube.ide.mcu.externaltools.gnu-tools-for-stm32.12.3.rel1.win32_1.0.200.202406191623/tools/bin/../lib/gcc/arm-none-eabi/12.3.1/../../../../arm-none-eabi/lib/thumb/v7e-m+fp/hard\libc_nano.a(libc_a-mallocr.o)
                0x200059ac                __malloc_free_list
 *(COMMON)
                0x200059b0                        . = ALIGN (0x4)
                0x200059b0                        _ebss = .
                0x200059b0                        __bss_end__ = _ebss

._user_heap_stack
                0x200059b0      0x600 load address 0x08008c08
                0x200059b0                        . = ALIGN (0x8)
                [!provide]                        PROVIDE (end = .)
                0x200059b0                        PROVIDE (_end = .)
                0x20005bb0                        . = (. + _Min_Heap_Size)
 *fill*         0x200059b0      0x200 
                0x20005fb0                        . = (. + _Min_Stack_Size)
 *fill*         0x20005bb0      0x400 
                0x20005fb0                        . = ALIGN (0x8)

/DISCARD/
 libc.a(*)
 libm.a(*)
 libgcc.a(*)

.ARM.attributes
                0x00000000       0x30
 *(.ARM.attributes)
 .ARM.attributes
                0x00000000       0x22 C:/ST/STM32CubeIDE_1.16.0/STM32CubeIDE/plugins/com.st.stm32cube.ide.mcu.externaltools.gnu-tools-for-stm32.12.3.rel1.win32_1.0.200.202406191623/tools/bin/../lib/gcc/arm-none-eabi/12.3.1/thumb/v7e-m+fp/hard/crti.o
 .ARM.attributes
                0x00000022       0x34 C:/ST/STM32CubeIDE_1.16.0/STM32CubeIDE/plugins/com.st.stm32cube.ide.mcu.externaltools.gnu-tools-for-stm32.12.3.rel1.win32_1.0.200.202406191623/tools/bin/../lib/gcc/arm-none-eabi/12.3.1/thumb/v7e-m+fp/hard/crtbegin.o
 .ARM.attributes
                0x00000056       0x34 ./Core/Src/main.o
 .ARM.attributes
                0x0000008a       0x34 ./Core/Src/stm32f7xx_hal_msp.o
 .ARM.attributes
                0x000000be       0x34 ./Core/Src/stm32f7xx_hal_timebase_tim.o
 .ARM.attributes
                0x000000f2       0x34 ./Core/Src/stm32f7xx_it.o
 .ARM.attributes
                0x00000126       0x34 ./Core/Src/system_stm32f7xx.o
 .ARM.attributes
                0x0000015a       0x21 ./Core/Startup/startup_stm32f746zgtx.o
 .ARM.attributes
                0x0000017b       0x34 ./Drivers/STM32F7xx_HAL_Driver/Src/stm32f7xx_hal.o
 .ARM.attributes
                0x000001af       0x34 ./Drivers/STM32F7xx_HAL_Driver/Src/stm32f7xx_hal_cortex.o
 .ARM.attributes
                0x000001e3       0x34 ./Drivers/STM32F7xx_HAL_Driver/Src/stm32f7xx_hal_eth.o
 .ARM.attributes
                0x00000217       0x34 ./Drivers/STM32F7xx_HAL_Driver/Src/stm32f7xx_hal_gpio.o
 .ARM.attributes
                0x0000024b       0x34 ./Drivers/STM32F7xx_HAL_Driver/Src/stm32f7xx_hal_pcd.o
 .ARM.attributes
                0x0000027f       0x34 ./Drivers/STM32F7xx_HAL_Driver/Src/stm32f7xx_hal_pcd_ex.o
 .ARM.attributes
                0x000002b3       0x34 ./Drivers/STM32F7xx_HAL_Driver/Src/stm32f7xx_hal_pwr.o
 .ARM.attributes
                0x000002e7       0x34 ./Drivers/STM32F7xx_HAL_Driver/Src/stm32f7xx_hal_rcc.o
 .ARM.attributes
                0x0000031b       0x34 ./Drivers/STM32F7xx_HAL_Driver/Src/stm32f7xx_hal_rcc_ex.o
 .ARM.attributes
                0x0000034f       0x34 ./Drivers/STM32F7xx_HAL_Driver/Src/stm32f7xx_hal_tim.o
 .ARM.attributes
                0x00000383       0x34 ./Drivers/STM32F7xx_HAL_Driver/Src/stm32f7xx_hal_tim_ex.o
 .ARM.attributes
                0x000003b7       0x34 ./Drivers/STM32F7xx_HAL_Driver/Src/stm32f7xx_hal_uart.o
 .ARM.attributes
                0x000003eb       0x34 ./Drivers/STM32F7xx_HAL_Driver/Src/stm32f7xx_ll_usb.o
 .ARM.attributes
                0x0000041f       0x34 ./Middlewares/Third_Party/FreeRTOS/Source/CMSIS_RTOS_V2/cmsis_os2.o
 .ARM.attributes
                0x00000453       0x34 ./Middlewares/Third_Party/FreeRTOS/Source/list.o
 .ARM.attributes
                0x00000487       0x34 ./Middlewares/Third_Party/FreeRTOS/Source/queue.o
 .ARM.attributes
                0x000004bb       0x34 ./Middlewares/Third_Party/FreeRTOS/Source/tasks.o
 .ARM.attributes
                0x000004ef       0x34 ./Middlewares/Third_Party/FreeRTOS/Source/timers.o
 .ARM.attributes
                0x00000523       0x34 ./Middlewares/Third_Party/FreeRTOS/Source/portable/GCC/ARM_CM7/r0p1/port.o
 .ARM.attributes
                0x00000557       0x34 ./Middlewares/Third_Party/FreeRTOS/Source/portable/MemMang/heap_4.o
 .ARM.attributes
                0x0000058b       0x34 C:/ST/STM32CubeIDE_1.16.0/STM32CubeIDE/plugins/com.st.stm32cube.ide.mcu.externaltools.gnu-tools-for-stm32.12.3.rel1.win32_1.0.200.202406191623/tools/bin/../lib/gcc/arm-none-eabi/12.3.1/../../../../arm-none-eabi/lib/thumb/v7e-m+fp/hard\libc_nano.a(libc_a-findfp.o)
 .ARM.attributes
                0x000005bf       0x34 C:/ST/STM32CubeIDE_1.16.0/STM32CubeIDE/plugins/com.st.stm32cube.ide.mcu.externaltools.gnu-tools-for-stm32.12.3.rel1.win32_1.0.200.202406191623/tools/bin/../lib/gcc/arm-none-eabi/12.3.1/../../../../arm-none-eabi/lib/thumb/v7e-m+fp/hard\libc_nano.a(libc_a-memset.o)
 .ARM.attributes
                0x000005f3       0x34 C:/ST/STM32CubeIDE_1.16.0/STM32CubeIDE/plugins/com.st.stm32cube.ide.mcu.externaltools.gnu-tools-for-stm32.12.3.rel1.win32_1.0.200.202406191623/tools/bin/../lib/gcc/arm-none-eabi/12.3.1/../../../../arm-none-eabi/lib/thumb/v7e-m+fp/hard\libc_nano.a(libc_a-reent.o)
 .ARM.attributes
                0x00000627       0x34 C:/ST/STM32CubeIDE_1.16.0/STM32CubeIDE/plugins/com.st.stm32cube.ide.mcu.externaltools.gnu-tools-for-stm32.12.3.rel1.win32_1.0.200.202406191623/tools/bin/../lib/gcc/arm-none-eabi/12.3.1/../../../../arm-none-eabi/lib/thumb/v7e-m+fp/hard\libc_nano.a(libc_a-impure.o)
 .ARM.attributes
                0x0000065b       0x34 C:/ST/STM32CubeIDE_1.16.0/STM32CubeIDE/plugins/com.st.stm32cube.ide.mcu.externaltools.gnu-tools-for-stm32.12.3.rel1.win32_1.0.200.202406191623/tools/bin/../lib/gcc/arm-none-eabi/12.3.1/../../../../arm-none-eabi/lib/thumb/v7e-m+fp/hard\libc_nano.a(libc_a-init.o)
 .ARM.attributes
                0x0000068f       0x34 C:/ST/STM32CubeIDE_1.16.0/STM32CubeIDE/plugins/com.st.stm32cube.ide.mcu.externaltools.gnu-tools-for-stm32.12.3.rel1.win32_1.0.200.202406191623/tools/bin/../lib/gcc/arm-none-eabi/12.3.1/../../../../arm-none-eabi/lib/thumb/v7e-m+fp/hard\libc_nano.a(libc_a-lock.o)
 .ARM.attributes
                0x000006c3       0x34 C:/ST/STM32CubeIDE_1.16.0/STM32CubeIDE/plugins/com.st.stm32cube.ide.mcu.externaltools.gnu-tools-for-stm32.12.3.rel1.win32_1.0.200.202406191623/tools/bin/../lib/gcc/arm-none-eabi/12.3.1/../../../../arm-none-eabi/lib/thumb/v7e-m+fp/hard\libc_nano.a(libc_a-memcpy-stub.o)
 .ARM.attributes
                0x000006f7       0x34 C:/ST/STM32CubeIDE_1.16.0/STM32CubeIDE/plugins/com.st.stm32cube.ide.mcu.externaltools.gnu-tools-for-stm32.12.3.rel1.win32_1.0.200.202406191623/tools/bin/../lib/gcc/arm-none-eabi/12.3.1/../../../../arm-none-eabi/lib/thumb/v7e-m+fp/hard\libc_nano.a(libc_a-freer.o)
 .ARM.attributes
                0x0000072b       0x34 C:/ST/STM32CubeIDE_1.16.0/STM32CubeIDE/plugins/com.st.stm32cube.ide.mcu.externaltools.gnu-tools-for-stm32.12.3.rel1.win32_1.0.200.202406191623/tools/bin/../lib/gcc/arm-none-eabi/12.3.1/../../../../arm-none-eabi/lib/thumb/v7e-m+fp/hard\libc_nano.a(libc_a-mallocr.o)
 .ARM.attributes
                0x0000075f       0x34 C:/ST/STM32CubeIDE_1.16.0/STM32CubeIDE/plugins/com.st.stm32cube.ide.mcu.externaltools.gnu-tools-for-stm32.12.3.rel1.win32_1.0.200.202406191623/tools/bin/../lib/gcc/arm-none-eabi/12.3.1/../../../../arm-none-eabi/lib/thumb/v7e-m+fp/hard\libc_nano.a(libc_a-mlock.o)
 .ARM.attributes
                0x00000793       0x22 C:/ST/STM32CubeIDE_1.16.0/STM32CubeIDE/plugins/com.st.stm32cube.ide.mcu.externaltools.gnu-tools-for-stm32.12.3.rel1.win32_1.0.200.202406191623/tools/bin/../lib/gcc/arm-none-eabi/12.3.1/thumb/v7e-m+fp/hard\libgcc.a(_aeabi_uldivmod.o)
 .ARM.attributes
                0x000007b5       0x34 C:/ST/STM32CubeIDE_1.16.0/STM32CubeIDE/plugins/com.st.stm32cube.ide.mcu.externaltools.gnu-tools-for-stm32.12.3.rel1.win32_1.0.200.202406191623/tools/bin/../lib/gcc/arm-none-eabi/12.3.1/thumb/v7e-m+fp/hard\libgcc.a(_udivmoddi4.o)
 .ARM.attributes
                0x000007e9       0x22 C:/ST/STM32CubeIDE_1.16.0/STM32CubeIDE/plugins/com.st.stm32cube.ide.mcu.externaltools.gnu-tools-for-stm32.12.3.rel1.win32_1.0.200.202406191623/tools/bin/../lib/gcc/arm-none-eabi/12.3.1/thumb/v7e-m+fp/hard\libgcc.a(_dvmd_tls.o)
 .ARM.attributes
                0x0000080b       0x22 C:/ST/STM32CubeIDE_1.16.0/STM32CubeIDE/plugins/com.st.stm32cube.ide.mcu.externaltools.gnu-tools-for-stm32.12.3.rel1.win32_1.0.200.202406191623/tools/bin/../lib/gcc/arm-none-eabi/12.3.1/thumb/v7e-m+fp/hard/crtn.o
OUTPUT(HW2.elf elf32-littlearm)
LOAD linker stubs
LOAD C:/ST/STM32CubeIDE_1.16.0/STM32CubeIDE/plugins/com.st.stm32cube.ide.mcu.externaltools.gnu-tools-for-stm32.12.3.rel1.win32_1.0.200.202406191623/tools/bin/../lib/gcc/arm-none-eabi/12.3.1/../../../../arm-none-eabi/lib/thumb/v7e-m+fp/hard\libc.a
LOAD C:/ST/STM32CubeIDE_1.16.0/STM32CubeIDE/plugins/com.st.stm32cube.ide.mcu.externaltools.gnu-tools-for-stm32.12.3.rel1.win32_1.0.200.202406191623/tools/bin/../lib/gcc/arm-none-eabi/12.3.1/../../../../arm-none-eabi/lib/thumb/v7e-m+fp/hard\libm.a
LOAD C:/ST/STM32CubeIDE_1.16.0/STM32CubeIDE/plugins/com.st.stm32cube.ide.mcu.externaltools.gnu-tools-for-stm32.12.3.rel1.win32_1.0.200.202406191623/tools/bin/../lib/gcc/arm-none-eabi/12.3.1/thumb/v7e-m+fp/hard\libgcc.a

.debug_info     0x00000000    0x21a5c
 .debug_info    0x00000000     0x2b5f ./Core/Src/main.o
 .debug_info    0x00002b5f     0x1e21 ./Core/Src/stm32f7xx_hal_msp.o
 .debug_info    0x00004980      0xcc3 ./Core/Src/stm32f7xx_hal_timebase_tim.o
 .debug_info    0x00005643      0x72e ./Core/Src/stm32f7xx_it.o
 .debug_info    0x00005d71      0x6ed ./Core/Src/system_stm32f7xx.o
 .debug_info    0x0000645e       0x30 ./Core/Startup/startup_stm32f746zgtx.o
 .debug_info    0x0000648e      0x9d8 ./Drivers/STM32F7xx_HAL_Driver/Src/stm32f7xx_hal.o
 .debug_info    0x00006e66      0xf7e ./Drivers/STM32F7xx_HAL_Driver/Src/stm32f7xx_hal_cortex.o
 .debug_info    0x00007de4     0x2180 ./Drivers/STM32F7xx_HAL_Driver/Src/stm32f7xx_hal_eth.o
 .debug_info    0x00009f64      0x6e7 ./Drivers/STM32F7xx_HAL_Driver/Src/stm32f7xx_hal_gpio.o
 .debug_info    0x0000a64b     0x1599 ./Drivers/STM32F7xx_HAL_Driver/Src/stm32f7xx_hal_pcd.o
 .debug_info    0x0000bbe4      0x7a3 ./Drivers/STM32F7xx_HAL_Driver/Src/stm32f7xx_hal_pcd_ex.o
 .debug_info    0x0000c387      0x90e ./Drivers/STM32F7xx_HAL_Driver/Src/stm32f7xx_hal_pwr.o
 .debug_info    0x0000cc95      0x8dc ./Drivers/STM32F7xx_HAL_Driver/Src/stm32f7xx_hal_rcc.o
 .debug_info    0x0000d571      0x6bd ./Drivers/STM32F7xx_HAL_Driver/Src/stm32f7xx_hal_rcc_ex.o
 .debug_info    0x0000dc2e     0x2abd ./Drivers/STM32F7xx_HAL_Driver/Src/stm32f7xx_hal_tim.o
 .debug_info    0x000106eb     0x15bb ./Drivers/STM32F7xx_HAL_Driver/Src/stm32f7xx_hal_tim_ex.o
 .debug_info    0x00011ca6     0x39da ./Drivers/STM32F7xx_HAL_Driver/Src/stm32f7xx_hal_uart.o
 .debug_info    0x00015680     0x19fc ./Drivers/STM32F7xx_HAL_Driver/Src/stm32f7xx_ll_usb.o
 .debug_info    0x0001707c     0x4058 ./Middlewares/Third_Party/FreeRTOS/Source/CMSIS_RTOS_V2/cmsis_os2.o
 .debug_info    0x0001b0d4      0x2af ./Middlewares/Third_Party/FreeRTOS/Source/list.o
 .debug_info    0x0001b383     0x1b68 ./Middlewares/Third_Party/FreeRTOS/Source/queue.o
 .debug_info    0x0001ceeb     0x2818 ./Middlewares/Third_Party/FreeRTOS/Source/tasks.o
 .debug_info    0x0001f703     0x1aef ./Middlewares/Third_Party/FreeRTOS/Source/timers.o
 .debug_info    0x000211f2      0x4a7 ./Middlewares/Third_Party/FreeRTOS/Source/portable/GCC/ARM_CM7/r0p1/port.o
 .debug_info    0x00021699      0x3c3 ./Middlewares/Third_Party/FreeRTOS/Source/portable/MemMang/heap_4.o

.debug_abbrev   0x00000000     0x3fe8
 .debug_abbrev  0x00000000      0x3b4 ./Core/Src/main.o
 .debug_abbrev  0x000003b4      0x29a ./Core/Src/stm32f7xx_hal_msp.o
 .debug_abbrev  0x0000064e      0x1f4 ./Core/Src/stm32f7xx_hal_timebase_tim.o
 .debug_abbrev  0x00000842      0x194 ./Core/Src/stm32f7xx_it.o
 .debug_abbrev  0x000009d6      0x13b ./Core/Src/system_stm32f7xx.o
 .debug_abbrev  0x00000b11       0x24 ./Core/Startup/startup_stm32f746zgtx.o
 .debug_abbrev  0x00000b35      0x213 ./Drivers/STM32F7xx_HAL_Driver/Src/stm32f7xx_hal.o
 .debug_abbrev  0x00000d48      0x31e ./Drivers/STM32F7xx_HAL_Driver/Src/stm32f7xx_hal_cortex.o
 .debug_abbrev  0x00001066      0x35a ./Drivers/STM32F7xx_HAL_Driver/Src/stm32f7xx_hal_eth.o
 .debug_abbrev  0x000013c0      0x1d4 ./Drivers/STM32F7xx_HAL_Driver/Src/stm32f7xx_hal_gpio.o
 .debug_abbrev  0x00001594      0x2ee ./Drivers/STM32F7xx_HAL_Driver/Src/stm32f7xx_hal_pcd.o
 .debug_abbrev  0x00001882      0x1ca ./Drivers/STM32F7xx_HAL_Driver/Src/stm32f7xx_hal_pcd_ex.o
 .debug_abbrev  0x00001a4c      0x1c5 ./Drivers/STM32F7xx_HAL_Driver/Src/stm32f7xx_hal_pwr.o
 .debug_abbrev  0x00001c11      0x288 ./Drivers/STM32F7xx_HAL_Driver/Src/stm32f7xx_hal_rcc.o
 .debug_abbrev  0x00001e99      0x1c9 ./Drivers/STM32F7xx_HAL_Driver/Src/stm32f7xx_hal_rcc_ex.o
 .debug_abbrev  0x00002062      0x278 ./Drivers/STM32F7xx_HAL_Driver/Src/stm32f7xx_hal_tim.o
 .debug_abbrev  0x000022da      0x283 ./Drivers/STM32F7xx_HAL_Driver/Src/stm32f7xx_hal_tim_ex.o
 .debug_abbrev  0x0000255d      0x2e6 ./Drivers/STM32F7xx_HAL_Driver/Src/stm32f7xx_hal_uart.o
 .debug_abbrev  0x00002843      0x293 ./Drivers/STM32F7xx_HAL_Driver/Src/stm32f7xx_ll_usb.o
 .debug_abbrev  0x00002ad6      0x48d ./Middlewares/Third_Party/FreeRTOS/Source/CMSIS_RTOS_V2/cmsis_os2.o
 .debug_abbrev  0x00002f63       0xf5 ./Middlewares/Third_Party/FreeRTOS/Source/list.o
 .debug_abbrev  0x00003058      0x3b6 ./Middlewares/Third_Party/FreeRTOS/Source/queue.o
 .debug_abbrev  0x0000340e      0x3fe ./Middlewares/Third_Party/FreeRTOS/Source/tasks.o
 .debug_abbrev  0x0000380c      0x368 ./Middlewares/Third_Party/FreeRTOS/Source/timers.o
 .debug_abbrev  0x00003b74      0x26f ./Middlewares/Third_Party/FreeRTOS/Source/portable/GCC/ARM_CM7/r0p1/port.o
 .debug_abbrev  0x00003de3      0x205 ./Middlewares/Third_Party/FreeRTOS/Source/portable/MemMang/heap_4.o

.debug_aranges  0x00000000     0x19d0
 .debug_aranges
                0x00000000       0xb0 ./Core/Src/main.o
 .debug_aranges
                0x000000b0       0x50 ./Core/Src/stm32f7xx_hal_msp.o
 .debug_aranges
                0x00000100       0x30 ./Core/Src/stm32f7xx_hal_timebase_tim.o
 .debug_aranges
                0x00000130       0x58 ./Core/Src/stm32f7xx_it.o
 .debug_aranges
                0x00000188       0x28 ./Core/Src/system_stm32f7xx.o
 .debug_aranges
                0x000001b0       0x28 ./Core/Startup/startup_stm32f746zgtx.o
 .debug_aranges
                0x000001d8      0x100 ./Drivers/STM32F7xx_HAL_Driver/Src/stm32f7xx_hal.o
 .debug_aranges
                0x000002d8      0x128 ./Drivers/STM32F7xx_HAL_Driver/Src/stm32f7xx_hal_cortex.o
 .debug_aranges
                0x00000400      0x1e0 ./Drivers/STM32F7xx_HAL_Driver/Src/stm32f7xx_hal_eth.o
 .debug_aranges
                0x000005e0       0x58 ./Drivers/STM32F7xx_HAL_Driver/Src/stm32f7xx_hal_gpio.o
 .debug_aranges
                0x00000638      0x148 ./Drivers/STM32F7xx_HAL_Driver/Src/stm32f7xx_hal_pcd.o
 .debug_aranges
                0x00000780       0x48 ./Drivers/STM32F7xx_HAL_Driver/Src/stm32f7xx_hal_pcd_ex.o
 .debug_aranges
                0x000007c8       0xa0 ./Drivers/STM32F7xx_HAL_Driver/Src/stm32f7xx_hal_pwr.o
 .debug_aranges
                0x00000868       0x88 ./Drivers/STM32F7xx_HAL_Driver/Src/stm32f7xx_hal_rcc.o
 .debug_aranges
                0x000008f0       0x50 ./Drivers/STM32F7xx_HAL_Driver/Src/stm32f7xx_hal_rcc_ex.o
 .debug_aranges
                0x00000940      0x3e0 ./Drivers/STM32F7xx_HAL_Driver/Src/stm32f7xx_hal_tim.o
 .debug_aranges
                0x00000d20      0x178 ./Drivers/STM32F7xx_HAL_Driver/Src/stm32f7xx_hal_tim_ex.o
 .debug_aranges
                0x00000e98      0x228 ./Drivers/STM32F7xx_HAL_Driver/Src/stm32f7xx_hal_uart.o
 .debug_aranges
                0x000010c0      0x1a0 ./Drivers/STM32F7xx_HAL_Driver/Src/stm32f7xx_ll_usb.o
 .debug_aranges
                0x00001260      0x228 ./Middlewares/Third_Party/FreeRTOS/Source/CMSIS_RTOS_V2/cmsis_os2.o
 .debug_aranges
                0x00001488       0x40 ./Middlewares/Third_Party/FreeRTOS/Source/list.o
 .debug_aranges
                0x000014c8      0x158 ./Middlewares/Third_Party/FreeRTOS/Source/queue.o
 .debug_aranges
                0x00001620      0x1f8 ./Middlewares/Third_Party/FreeRTOS/Source/tasks.o
 .debug_aranges
                0x00001818       0xe8 ./Middlewares/Third_Party/FreeRTOS/Source/timers.o
 .debug_aranges
                0x00001900       0x80 ./Middlewares/Third_Party/FreeRTOS/Source/portable/GCC/ARM_CM7/r0p1/port.o
 .debug_aranges
                0x00001980       0x50 ./Middlewares/Third_Party/FreeRTOS/Source/portable/MemMang/heap_4.o

.debug_rnglists
                0x00000000     0x142b
 .debug_rnglists
                0x00000000       0x8a ./Core/Src/main.o
 .debug_rnglists
                0x0000008a       0x3a ./Core/Src/stm32f7xx_hal_msp.o
 .debug_rnglists
                0x000000c4       0x20 ./Core/Src/stm32f7xx_hal_timebase_tim.o
 .debug_rnglists
                0x000000e4       0x3d ./Core/Src/stm32f7xx_it.o
 .debug_rnglists
                0x00000121       0x1a ./Core/Src/system_stm32f7xx.o
 .debug_rnglists
                0x0000013b       0x19 ./Core/Startup/startup_stm32f746zgtx.o
 .debug_rnglists
                0x00000154       0xbb ./Drivers/STM32F7xx_HAL_Driver/Src/stm32f7xx_hal.o
 .debug_rnglists
                0x0000020f       0xda ./Drivers/STM32F7xx_HAL_Driver/Src/stm32f7xx_hal_cortex.o
 .debug_rnglists
                0x000002e9      0x17d ./Drivers/STM32F7xx_HAL_Driver/Src/stm32f7xx_hal_eth.o
 .debug_rnglists
                0x00000466       0x3f ./Drivers/STM32F7xx_HAL_Driver/Src/stm32f7xx_hal_gpio.o
 .debug_rnglists
                0x000004a5       0xfa ./Drivers/STM32F7xx_HAL_Driver/Src/stm32f7xx_hal_pcd.o
 .debug_rnglists
                0x0000059f       0x32 ./Drivers/STM32F7xx_HAL_Driver/Src/stm32f7xx_hal_pcd_ex.o
 .debug_rnglists
                0x000005d1       0x74 ./Drivers/STM32F7xx_HAL_Driver/Src/stm32f7xx_hal_pwr.o
 .debug_rnglists
                0x00000645       0x67 ./Drivers/STM32F7xx_HAL_Driver/Src/stm32f7xx_hal_rcc.o
 .debug_rnglists
                0x000006ac       0x3c ./Drivers/STM32F7xx_HAL_Driver/Src/stm32f7xx_hal_rcc_ex.o
 .debug_rnglists
                0x000006e8      0x328 ./Drivers/STM32F7xx_HAL_Driver/Src/stm32f7xx_hal_tim.o
 .debug_rnglists
                0x00000a10      0x131 ./Drivers/STM32F7xx_HAL_Driver/Src/stm32f7xx_hal_tim_ex.o
 .debug_rnglists
                0x00000b41      0x1da ./Drivers/STM32F7xx_HAL_Driver/Src/stm32f7xx_hal_uart.o
 .debug_rnglists
                0x00000d1b      0x147 ./Drivers/STM32F7xx_HAL_Driver/Src/stm32f7xx_ll_usb.o
 .debug_rnglists
                0x00000e62      0x1b5 ./Middlewares/Third_Party/FreeRTOS/Source/CMSIS_RTOS_V2/cmsis_os2.o
 .debug_rnglists
                0x00001017       0x2b ./Middlewares/Third_Party/FreeRTOS/Source/list.o
 .debug_rnglists
                0x00001042      0x10a ./Middlewares/Third_Party/FreeRTOS/Source/queue.o
 .debug_rnglists
                0x0000114c      0x195 ./Middlewares/Third_Party/FreeRTOS/Source/tasks.o
 .debug_rnglists
                0x000012e1       0xb2 ./Middlewares/Third_Party/FreeRTOS/Source/timers.o
 .debug_rnglists
                0x00001393       0x5d ./Middlewares/Third_Party/FreeRTOS/Source/portable/GCC/ARM_CM7/r0p1/port.o
 .debug_rnglists
                0x000013f0       0x3b ./Middlewares/Third_Party/FreeRTOS/Source/portable/MemMang/heap_4.o

.debug_macro    0x00000000     0x4178
 .debug_macro   0x00000000      0x3d4 ./Core/Src/main.o
 .debug_macro   0x000003d4      0x369 ./Core/Src/main.o
 .debug_macro   0x0000073d       0x10 ./Core/Src/main.o
 .debug_macro   0x0000074d       0x20 ./Core/Src/main.o
 .debug_macro   0x0000076d      0x13d ./Core/Src/main.o
 .debug_macro   0x000008aa       0x16 ./Core/Src/main.o
 .debug_macro   0x000008c0       0x66 ./Core/Src/main.o
 .debug_macro   0x00000926       0x74 ./Core/Src/main.o
 .debug_macro   0x0000099a       0xdd ./Core/Src/main.o
 .debug_macro   0x00000a77       0x87 ./Core/Src/main.o
 .debug_macro   0x00000afe       0x9a ./Core/Src/main.o
 .debug_macro   0x00000b98       0x97 ./Core/Src/main.o
 .debug_macro   0x00000c2f      0x21f ./Core/Src/stm32f7xx_hal_msp.o
 .debug_macro   0x00000e4e      0x210 ./Core/Src/stm32f7xx_hal_timebase_tim.o
 .debug_macro   0x0000105e      0x229 ./Core/Src/stm32f7xx_it.o
 .debug_macro   0x00001287      0x210 ./Core/Src/system_stm32f7xx.o
 .debug_macro   0x00001497      0x234 ./Drivers/STM32F7xx_HAL_Driver/Src/stm32f7xx_hal.o
 .debug_macro   0x000016cb      0x210 ./Drivers/STM32F7xx_HAL_Driver/Src/stm32f7xx_hal_cortex.o
 .debug_macro   0x000018db      0x2ea ./Drivers/STM32F7xx_HAL_Driver/Src/stm32f7xx_hal_eth.o
 .debug_macro   0x00001bc5      0x216 ./Drivers/STM32F7xx_HAL_Driver/Src/stm32f7xx_hal_gpio.o
 .debug_macro   0x00001ddb      0x21c ./Drivers/STM32F7xx_HAL_Driver/Src/stm32f7xx_hal_pcd.o
 .debug_macro   0x00001ff7      0x210 ./Drivers/STM32F7xx_HAL_Driver/Src/stm32f7xx_hal_pcd_ex.o
 .debug_macro   0x00002207      0x22e ./Drivers/STM32F7xx_HAL_Driver/Src/stm32f7xx_hal_pwr.o
 .debug_macro   0x00002435      0x234 ./Drivers/STM32F7xx_HAL_Driver/Src/stm32f7xx_hal_rcc.o
 .debug_macro   0x00002669      0x210 ./Drivers/STM32F7xx_HAL_Driver/Src/stm32f7xx_hal_rcc_ex.o
 .debug_macro   0x00002879      0x211 ./Drivers/STM32F7xx_HAL_Driver/Src/stm32f7xx_hal_tim.o
 .debug_macro   0x00002a8a      0x210 ./Drivers/STM32F7xx_HAL_Driver/Src/stm32f7xx_hal_tim_ex.o
 .debug_macro   0x00002c9a      0x22d ./Drivers/STM32F7xx_HAL_Driver/Src/stm32f7xx_hal_uart.o
 .debug_macro   0x00002ec7      0x210 ./Drivers/STM32F7xx_HAL_Driver/Src/stm32f7xx_ll_usb.o
 .debug_macro   0x000030d7      0x259 ./Middlewares/Third_Party/FreeRTOS/Source/CMSIS_RTOS_V2/cmsis_os2.o
 .debug_macro   0x00003330       0x10 ./Middlewares/Third_Party/FreeRTOS/Source/CMSIS_RTOS_V2/cmsis_os2.o
 .debug_macro   0x00003340       0xd3 ./Middlewares/Third_Party/FreeRTOS/Source/CMSIS_RTOS_V2/cmsis_os2.o
 .debug_macro   0x00003413       0x91 ./Middlewares/Third_Party/FreeRTOS/Source/CMSIS_RTOS_V2/cmsis_os2.o
 .debug_macro   0x000034a4       0x8d ./Middlewares/Third_Party/FreeRTOS/Source/CMSIS_RTOS_V2/cmsis_os2.o
 .debug_macro   0x00003531      0x199 ./Middlewares/Third_Party/FreeRTOS/Source/list.o
 .debug_macro   0x000036ca      0x228 ./Middlewares/Third_Party/FreeRTOS/Source/queue.o
 .debug_macro   0x000038f2       0x16 ./Middlewares/Third_Party/FreeRTOS/Source/queue.o
 .debug_macro   0x00003908      0x291 ./Middlewares/Third_Party/FreeRTOS/Source/tasks.o
 .debug_macro   0x00003b99       0x10 ./Middlewares/Third_Party/FreeRTOS/Source/tasks.o
 .debug_macro   0x00003ba9      0x1ee ./Middlewares/Third_Party/FreeRTOS/Source/timers.o
 .debug_macro   0x00003d97      0x221 ./Middlewares/Third_Party/FreeRTOS/Source/portable/GCC/ARM_CM7/r0p1/port.o
 .debug_macro   0x00003fb8      0x1c0 ./Middlewares/Third_Party/FreeRTOS/Source/portable/MemMang/heap_4.o

.debug_line     0x00000000    0x1e916
 .debug_line    0x00000000     0x12f6 ./Core/Src/main.o
 .debug_line    0x000012f6      0x92f ./Core/Src/stm32f7xx_hal_msp.o
 .debug_line    0x00001c25      0x853 ./Core/Src/stm32f7xx_hal_timebase_tim.o
 .debug_line    0x00002478      0x88c ./Core/Src/stm32f7xx_it.o
 .debug_line    0x00002d04      0x85a ./Core/Src/system_stm32f7xx.o
 .debug_line    0x0000355e       0x7a ./Core/Startup/startup_stm32f746zgtx.o
 .debug_line    0x000035d8      0xafa ./Drivers/STM32F7xx_HAL_Driver/Src/stm32f7xx_hal.o
 .debug_line    0x000040d2      0xd9c ./Drivers/STM32F7xx_HAL_Driver/Src/stm32f7xx_hal_cortex.o
 .debug_line    0x00004e6e     0x1aba ./Drivers/STM32F7xx_HAL_Driver/Src/stm32f7xx_hal_eth.o
 .debug_line    0x00006928      0xc80 ./Drivers/STM32F7xx_HAL_Driver/Src/stm32f7xx_hal_gpio.o
 .debug_line    0x000075a8     0x1552 ./Drivers/STM32F7xx_HAL_Driver/Src/stm32f7xx_hal_pcd.o
 .debug_line    0x00008afa      0x8f9 ./Drivers/STM32F7xx_HAL_Driver/Src/stm32f7xx_hal_pcd_ex.o
 .debug_line    0x000093f3      0x9fe ./Drivers/STM32F7xx_HAL_Driver/Src/stm32f7xx_hal_pwr.o
 .debug_line    0x00009df1      0xf2b ./Drivers/STM32F7xx_HAL_Driver/Src/stm32f7xx_hal_rcc.o
 .debug_line    0x0000ad1c      0xedf ./Drivers/STM32F7xx_HAL_Driver/Src/stm32f7xx_hal_rcc_ex.o
 .debug_line    0x0000bbfb     0x3db4 ./Drivers/STM32F7xx_HAL_Driver/Src/stm32f7xx_hal_tim.o
 .debug_line    0x0000f9af     0x1bdd ./Drivers/STM32F7xx_HAL_Driver/Src/stm32f7xx_hal_tim_ex.o
 .debug_line    0x0001158c     0x319e ./Drivers/STM32F7xx_HAL_Driver/Src/stm32f7xx_hal_uart.o
 .debug_line    0x0001472a     0x1e76 ./Drivers/STM32F7xx_HAL_Driver/Src/stm32f7xx_ll_usb.o
 .debug_line    0x000165a0     0x2513 ./Middlewares/Third_Party/FreeRTOS/Source/CMSIS_RTOS_V2/cmsis_os2.o
 .debug_line    0x00018ab3      0x7a5 ./Middlewares/Third_Party/FreeRTOS/Source/list.o
 .debug_line    0x00019258     0x17ca ./Middlewares/Third_Party/FreeRTOS/Source/queue.o
 .debug_line    0x0001aa22     0x1e1d ./Middlewares/Third_Party/FreeRTOS/Source/tasks.o
 .debug_line    0x0001c83f      0xe0f ./Middlewares/Third_Party/FreeRTOS/Source/timers.o
 .debug_line    0x0001d64e      0x954 ./Middlewares/Third_Party/FreeRTOS/Source/portable/GCC/ARM_CM7/r0p1/port.o
 .debug_line    0x0001dfa2      0x974 ./Middlewares/Third_Party/FreeRTOS/Source/portable/MemMang/heap_4.o

.debug_str      0x00000000   0x10224b
 .debug_str     0x00000000    0xf8d29 ./Core/Src/main.o
                              0xf9654 (size before relaxing)
 .debug_str     0x000f8d29      0x30e ./Core/Src/stm32f7xx_hal_msp.o
                              0xefcb1 (size before relaxing)
 .debug_str     0x000f9037      0x107 ./Core/Src/stm32f7xx_hal_timebase_tim.o
                              0xeed72 (size before relaxing)
 .debug_str     0x000f913e       0xe3 ./Core/Src/stm32f7xx_it.o
                              0xeead0 (size before relaxing)
 .debug_str     0x000f9221      0x190 ./Core/Src/system_stm32f7xx.o
                              0xee24d (size before relaxing)
 .debug_str     0x000f93b1       0x44 ./Core/Startup/startup_stm32f746zgtx.o
                                 0x7b (size before relaxing)
 .debug_str     0x000f93f5      0x3c6 ./Drivers/STM32F7xx_HAL_Driver/Src/stm32f7xx_hal.o
                              0xeebb6 (size before relaxing)
 .debug_str     0x000f97bb      0x363 ./Drivers/STM32F7xx_HAL_Driver/Src/stm32f7xx_hal_cortex.o
                              0xeebd3 (size before relaxing)
 .debug_str     0x000f9b1e     0x121b ./Drivers/STM32F7xx_HAL_Driver/Src/stm32f7xx_hal_eth.o
                              0xefa6e (size before relaxing)
 .debug_str     0x000fad39       0xaf ./Drivers/STM32F7xx_HAL_Driver/Src/stm32f7xx_hal_gpio.o
                              0xee30b (size before relaxing)
 .debug_str     0x000fade8      0x81d ./Drivers/STM32F7xx_HAL_Driver/Src/stm32f7xx_hal_pcd.o
                              0xeec86 (size before relaxing)
 .debug_str     0x000fb605      0x12d ./Drivers/STM32F7xx_HAL_Driver/Src/stm32f7xx_hal_pcd_ex.o
                              0xee588 (size before relaxing)
 .debug_str     0x000fb732      0x2ac ./Drivers/STM32F7xx_HAL_Driver/Src/stm32f7xx_hal_pwr.o
                              0xee4ee (size before relaxing)
 .debug_str     0x000fb9de      0x208 ./Drivers/STM32F7xx_HAL_Driver/Src/stm32f7xx_hal_rcc.o
                              0xee5af (size before relaxing)
 .debug_str     0x000fbbe6      0x147 ./Drivers/STM32F7xx_HAL_Driver/Src/stm32f7xx_hal_rcc_ex.o
                              0xee4e7 (size before relaxing)
 .debug_str     0x000fbd2d      0xe88 ./Drivers/STM32F7xx_HAL_Driver/Src/stm32f7xx_hal_tim.o
                              0xef570 (size before relaxing)
 .debug_str     0x000fcbb5      0x561 ./Drivers/STM32F7xx_HAL_Driver/Src/stm32f7xx_hal_tim_ex.o
                              0xeedb6 (size before relaxing)
 .debug_str     0x000fd116      0x87d ./Drivers/STM32F7xx_HAL_Driver/Src/stm32f7xx_hal_uart.o
                              0xeeefc (size before relaxing)
 .debug_str     0x000fd993      0x4a2 ./Drivers/STM32F7xx_HAL_Driver/Src/stm32f7xx_ll_usb.o
                              0xeeb63 (size before relaxing)
 .debug_str     0x000fde35     0x1a67 ./Middlewares/Third_Party/FreeRTOS/Source/CMSIS_RTOS_V2/cmsis_os2.o
                               0xef07 (size before relaxing)
 .debug_str     0x000ff89c      0x20f ./Middlewares/Third_Party/FreeRTOS/Source/list.o
                               0xa991 (size before relaxing)
 .debug_str     0x000ffaab      0x89d ./Middlewares/Third_Party/FreeRTOS/Source/queue.o
                               0xc4b7 (size before relaxing)
 .debug_str     0x00100348     0x1034 ./Middlewares/Third_Party/FreeRTOS/Source/tasks.o
                               0xd291 (size before relaxing)
 .debug_str     0x0010137c      0x59a ./Middlewares/Third_Party/FreeRTOS/Source/timers.o
                               0xcd04 (size before relaxing)
 .debug_str     0x00101916      0x702 ./Middlewares/Third_Party/FreeRTOS/Source/portable/GCC/ARM_CM7/r0p1/port.o
                               0xa0c4 (size before relaxing)
 .debug_str     0x00102018      0x233 ./Middlewares/Third_Party/FreeRTOS/Source/portable/MemMang/heap_4.o
                               0xb1ae (size before relaxing)

.comment        0x00000000       0x43
 .comment       0x00000000       0x43 ./Core/Src/main.o
                                 0x44 (size before relaxing)
 .comment       0x00000043       0x44 ./Core/Src/stm32f7xx_hal_msp.o
 .comment       0x00000043       0x44 ./Core/Src/stm32f7xx_hal_timebase_tim.o
 .comment       0x00000043       0x44 ./Core/Src/stm32f7xx_it.o
 .comment       0x00000043       0x44 ./Core/Src/system_stm32f7xx.o
 .comment       0x00000043       0x44 ./Drivers/STM32F7xx_HAL_Driver/Src/stm32f7xx_hal.o
 .comment       0x00000043       0x44 ./Drivers/STM32F7xx_HAL_Driver/Src/stm32f7xx_hal_cortex.o
 .comment       0x00000043       0x44 ./Drivers/STM32F7xx_HAL_Driver/Src/stm32f7xx_hal_eth.o
 .comment       0x00000043       0x44 ./Drivers/STM32F7xx_HAL_Driver/Src/stm32f7xx_hal_gpio.o
 .comment       0x00000043       0x44 ./Drivers/STM32F7xx_HAL_Driver/Src/stm32f7xx_hal_pcd.o